ARM GAS  /tmp/ccx0hllb.s 			page 1


   1              		.cpu cortex-m4
   2              		.arch armv7e-m
   3              		.fpu fpv4-sp-d16
   4              		.eabi_attribute 27, 1
   5              		.eabi_attribute 28, 1
   6              		.eabi_attribute 20, 1
   7              		.eabi_attribute 21, 1
   8              		.eabi_attribute 23, 3
   9              		.eabi_attribute 24, 1
  10              		.eabi_attribute 25, 1
  11              		.eabi_attribute 26, 1
  12              		.eabi_attribute 30, 1
  13              		.eabi_attribute 34, 1
  14              		.eabi_attribute 18, 4
  15              		.file	"gpio.c"
  16              		.text
  17              	.Ltext0:
  18              		.cfi_sections	.debug_frame
  19              		.file 1 "Core/Src/gpio.c"
  20              		.section	.text.MX_GPIO_Init,"ax",%progbits
  21              		.align	1
  22              		.global	MX_GPIO_Init
  23              		.syntax unified
  24              		.thumb
  25              		.thumb_func
  27              	MX_GPIO_Init:
  28              	.LFB239:
   1:Core/Src/gpio.c **** /* USER CODE BEGIN Header */
   2:Core/Src/gpio.c **** /**
   3:Core/Src/gpio.c ****   ******************************************************************************
   4:Core/Src/gpio.c ****   * @file    gpio.c
   5:Core/Src/gpio.c ****   * @brief   This file provides code for the configuration
   6:Core/Src/gpio.c ****   *          of all used GPIO pins.
   7:Core/Src/gpio.c ****   ******************************************************************************
   8:Core/Src/gpio.c ****   * @attention
   9:Core/Src/gpio.c ****   *
  10:Core/Src/gpio.c ****   * Copyright (c) 2025 STMicroelectronics.
  11:Core/Src/gpio.c ****   * All rights reserved.
  12:Core/Src/gpio.c ****   *
  13:Core/Src/gpio.c ****   * This software is licensed under terms that can be found in the LICENSE file
  14:Core/Src/gpio.c ****   * in the root directory of this software component.
  15:Core/Src/gpio.c ****   * If no LICENSE file comes with this software, it is provided AS-IS.
  16:Core/Src/gpio.c ****   *
  17:Core/Src/gpio.c ****   ******************************************************************************
  18:Core/Src/gpio.c ****   */
  19:Core/Src/gpio.c **** /* USER CODE END Header */
  20:Core/Src/gpio.c **** 
  21:Core/Src/gpio.c **** /* Includes ------------------------------------------------------------------*/
  22:Core/Src/gpio.c **** #include "gpio.h"
  23:Core/Src/gpio.c **** 
  24:Core/Src/gpio.c **** /* USER CODE BEGIN 0 */
  25:Core/Src/gpio.c **** 
  26:Core/Src/gpio.c **** /* USER CODE END 0 */
  27:Core/Src/gpio.c **** 
  28:Core/Src/gpio.c **** /*----------------------------------------------------------------------------*/
  29:Core/Src/gpio.c **** /* Configure GPIO                                                             */
  30:Core/Src/gpio.c **** /*----------------------------------------------------------------------------*/
ARM GAS  /tmp/ccx0hllb.s 			page 2


  31:Core/Src/gpio.c **** /* USER CODE BEGIN 1 */
  32:Core/Src/gpio.c **** 
  33:Core/Src/gpio.c **** /* USER CODE END 1 */
  34:Core/Src/gpio.c **** 
  35:Core/Src/gpio.c **** /** Configure pins as
  36:Core/Src/gpio.c ****         * Analog
  37:Core/Src/gpio.c ****         * Input
  38:Core/Src/gpio.c ****         * Output
  39:Core/Src/gpio.c ****         * EVENT_OUT
  40:Core/Src/gpio.c ****         * EXTI
  41:Core/Src/gpio.c **** */
  42:Core/Src/gpio.c **** void MX_GPIO_Init(void)
  43:Core/Src/gpio.c **** {
  29              		.loc 1 43 1 view -0
  30              		.cfi_startproc
  31              		@ args = 0, pretend = 0, frame = 48
  32              		@ frame_needed = 0, uses_anonymous_args = 0
  33 0000 2DE9F04F 		push	{r4, r5, r6, r7, r8, r9, r10, fp, lr}
  34              	.LCFI0:
  35              		.cfi_def_cfa_offset 36
  36              		.cfi_offset 4, -36
  37              		.cfi_offset 5, -32
  38              		.cfi_offset 6, -28
  39              		.cfi_offset 7, -24
  40              		.cfi_offset 8, -20
  41              		.cfi_offset 9, -16
  42              		.cfi_offset 10, -12
  43              		.cfi_offset 11, -8
  44              		.cfi_offset 14, -4
  45 0004 8DB0     		sub	sp, sp, #52
  46              	.LCFI1:
  47              		.cfi_def_cfa_offset 88
  44:Core/Src/gpio.c **** 
  45:Core/Src/gpio.c ****   GPIO_InitTypeDef GPIO_InitStruct = {0};
  48              		.loc 1 45 3 view .LVU1
  49              		.loc 1 45 20 is_stmt 0 view .LVU2
  50 0006 07AE     		add	r6, sp, #28
  51 0008 0024     		movs	r4, #0
  52 000a 0794     		str	r4, [sp, #28]
  53 000c 0894     		str	r4, [sp, #32]
  54 000e 0994     		str	r4, [sp, #36]
  55 0010 0A94     		str	r4, [sp, #40]
  56 0012 0B94     		str	r4, [sp, #44]
  46:Core/Src/gpio.c **** 
  47:Core/Src/gpio.c ****   /* GPIO Ports Clock Enable */
  48:Core/Src/gpio.c ****   __HAL_RCC_GPIOE_CLK_ENABLE();
  57              		.loc 1 48 3 is_stmt 1 view .LVU3
  58              	.LBB2:
  59              		.loc 1 48 3 view .LVU4
  60 0014 0194     		str	r4, [sp, #4]
  61              		.loc 1 48 3 view .LVU5
  62 0016 6F4B     		ldr	r3, .L3
  63 0018 1A6B     		ldr	r2, [r3, #48]
  64 001a 42F01002 		orr	r2, r2, #16
  65 001e 1A63     		str	r2, [r3, #48]
  66              		.loc 1 48 3 view .LVU6
  67 0020 1A6B     		ldr	r2, [r3, #48]
ARM GAS  /tmp/ccx0hllb.s 			page 3


  68 0022 02F01002 		and	r2, r2, #16
  69 0026 0192     		str	r2, [sp, #4]
  70              		.loc 1 48 3 view .LVU7
  71 0028 019A     		ldr	r2, [sp, #4]
  72              	.LBE2:
  73              		.loc 1 48 3 view .LVU8
  49:Core/Src/gpio.c ****   __HAL_RCC_GPIOC_CLK_ENABLE();
  74              		.loc 1 49 3 view .LVU9
  75              	.LBB3:
  76              		.loc 1 49 3 view .LVU10
  77 002a 0294     		str	r4, [sp, #8]
  78              		.loc 1 49 3 view .LVU11
  79 002c 1A6B     		ldr	r2, [r3, #48]
  80 002e 42F00402 		orr	r2, r2, #4
  81 0032 1A63     		str	r2, [r3, #48]
  82              		.loc 1 49 3 view .LVU12
  83 0034 1A6B     		ldr	r2, [r3, #48]
  84 0036 02F00402 		and	r2, r2, #4
  85 003a 0292     		str	r2, [sp, #8]
  86              		.loc 1 49 3 view .LVU13
  87 003c 029A     		ldr	r2, [sp, #8]
  88              	.LBE3:
  89              		.loc 1 49 3 view .LVU14
  50:Core/Src/gpio.c ****   __HAL_RCC_GPIOH_CLK_ENABLE();
  90              		.loc 1 50 3 view .LVU15
  91              	.LBB4:
  92              		.loc 1 50 3 view .LVU16
  93 003e 0394     		str	r4, [sp, #12]
  94              		.loc 1 50 3 view .LVU17
  95 0040 1A6B     		ldr	r2, [r3, #48]
  96 0042 42F08002 		orr	r2, r2, #128
  97 0046 1A63     		str	r2, [r3, #48]
  98              		.loc 1 50 3 view .LVU18
  99 0048 1A6B     		ldr	r2, [r3, #48]
 100 004a 02F08002 		and	r2, r2, #128
 101 004e 0392     		str	r2, [sp, #12]
 102              		.loc 1 50 3 view .LVU19
 103 0050 039A     		ldr	r2, [sp, #12]
 104              	.LBE4:
 105              		.loc 1 50 3 view .LVU20
  51:Core/Src/gpio.c ****   __HAL_RCC_GPIOA_CLK_ENABLE();
 106              		.loc 1 51 3 view .LVU21
 107              	.LBB5:
 108              		.loc 1 51 3 view .LVU22
 109 0052 0494     		str	r4, [sp, #16]
 110              		.loc 1 51 3 view .LVU23
 111 0054 1A6B     		ldr	r2, [r3, #48]
 112 0056 42F00102 		orr	r2, r2, #1
 113 005a 1A63     		str	r2, [r3, #48]
 114              		.loc 1 51 3 view .LVU24
 115 005c 1A6B     		ldr	r2, [r3, #48]
 116 005e 02F00102 		and	r2, r2, #1
 117 0062 0492     		str	r2, [sp, #16]
 118              		.loc 1 51 3 view .LVU25
 119 0064 049A     		ldr	r2, [sp, #16]
 120              	.LBE5:
 121              		.loc 1 51 3 view .LVU26
ARM GAS  /tmp/ccx0hllb.s 			page 4


  52:Core/Src/gpio.c ****   __HAL_RCC_GPIOB_CLK_ENABLE();
 122              		.loc 1 52 3 view .LVU27
 123              	.LBB6:
 124              		.loc 1 52 3 view .LVU28
 125 0066 0594     		str	r4, [sp, #20]
 126              		.loc 1 52 3 view .LVU29
 127 0068 1A6B     		ldr	r2, [r3, #48]
 128 006a 42F00202 		orr	r2, r2, #2
 129 006e 1A63     		str	r2, [r3, #48]
 130              		.loc 1 52 3 view .LVU30
 131 0070 1A6B     		ldr	r2, [r3, #48]
 132 0072 02F00202 		and	r2, r2, #2
 133 0076 0592     		str	r2, [sp, #20]
 134              		.loc 1 52 3 view .LVU31
 135 0078 059A     		ldr	r2, [sp, #20]
 136              	.LBE6:
 137              		.loc 1 52 3 view .LVU32
  53:Core/Src/gpio.c ****   __HAL_RCC_GPIOD_CLK_ENABLE();
 138              		.loc 1 53 3 view .LVU33
 139              	.LBB7:
 140              		.loc 1 53 3 view .LVU34
 141 007a 0694     		str	r4, [sp, #24]
 142              		.loc 1 53 3 view .LVU35
 143 007c 1A6B     		ldr	r2, [r3, #48]
 144 007e 42F00802 		orr	r2, r2, #8
 145 0082 1A63     		str	r2, [r3, #48]
 146              		.loc 1 53 3 view .LVU36
 147 0084 1B6B     		ldr	r3, [r3, #48]
 148 0086 03F00803 		and	r3, r3, #8
 149 008a 0693     		str	r3, [sp, #24]
 150              		.loc 1 53 3 view .LVU37
 151 008c 069B     		ldr	r3, [sp, #24]
 152              	.LBE7:
 153              		.loc 1 53 3 view .LVU38
  54:Core/Src/gpio.c **** 
  55:Core/Src/gpio.c ****   /*Configure GPIO pin Output Level */
  56:Core/Src/gpio.c ****   HAL_GPIO_WritePin(GPIOC, led_small_Pin|led_big_Pin, GPIO_PIN_RESET);
 154              		.loc 1 56 3 view .LVU39
 155 008e DFF850A1 		ldr	r10, .L3+12
 156 0092 2246     		mov	r2, r4
 157 0094 0621     		movs	r1, #6
 158 0096 5046     		mov	r0, r10
 159 0098 FFF7FEFF 		bl	HAL_GPIO_WritePin
 160              	.LVL0:
  57:Core/Src/gpio.c **** 
  58:Core/Src/gpio.c ****   /*Configure GPIO pin Output Level */
  59:Core/Src/gpio.c ****   HAL_GPIO_WritePin(GPIOA, lcd_DC_Pin|lcd_CS_Pin|lcd_BLK_Pin|lcd_SLK_Pin
 161              		.loc 1 59 3 view .LVU40
 162 009c DFF84481 		ldr	r8, .L3+16
 163 00a0 2246     		mov	r2, r4
 164 00a2 40F6BC01 		movw	r1, #2236
 165 00a6 4046     		mov	r0, r8
 166 00a8 FFF7FEFF 		bl	HAL_GPIO_WritePin
 167              	.LVL1:
  60:Core/Src/gpio.c ****                           |lcd_mosi_Pin|ultra_left_trig_Pin, GPIO_PIN_RESET);
  61:Core/Src/gpio.c **** 
  62:Core/Src/gpio.c ****   /*Configure GPIO pin Output Level */
ARM GAS  /tmp/ccx0hllb.s 			page 5


  63:Core/Src/gpio.c ****   HAL_GPIO_WritePin(ultra_right_trig_GPIO_Port, ultra_right_trig_Pin, GPIO_PIN_RESET);
 168              		.loc 1 63 3 view .LVU41
 169 00ac DFF83891 		ldr	r9, .L3+20
 170 00b0 2246     		mov	r2, r4
 171 00b2 0121     		movs	r1, #1
 172 00b4 4846     		mov	r0, r9
 173 00b6 FFF7FEFF 		bl	HAL_GPIO_WritePin
 174              	.LVL2:
  64:Core/Src/gpio.c **** 
  65:Core/Src/gpio.c ****   /*Configure GPIO pin Output Level */
  66:Core/Src/gpio.c ****   HAL_GPIO_WritePin(GPIOB, pca9685_sda_Pin|pca9685_scl_Pin, GPIO_PIN_SET);
 175              		.loc 1 66 3 view .LVU42
 176 00ba 0122     		movs	r2, #1
 177 00bc 0621     		movs	r1, #6
 178 00be 4846     		mov	r0, r9
 179 00c0 FFF7FEFF 		bl	HAL_GPIO_WritePin
 180              	.LVL3:
  67:Core/Src/gpio.c **** 
  68:Core/Src/gpio.c ****   /*Configure GPIO pin Output Level */
  69:Core/Src/gpio.c ****   HAL_GPIO_WritePin(GPIOE, servo_pwr_en_Pin|motor_EN_Pin, GPIO_PIN_RESET);
 181              		.loc 1 69 3 view .LVU43
 182 00c4 2246     		mov	r2, r4
 183 00c6 8121     		movs	r1, #129
 184 00c8 4348     		ldr	r0, .L3+4
 185 00ca FFF7FEFF 		bl	HAL_GPIO_WritePin
 186              	.LVL4:
  70:Core/Src/gpio.c **** 
  71:Core/Src/gpio.c ****   /*Configure GPIO pin Output Level */
  72:Core/Src/gpio.c ****   HAL_GPIO_WritePin(GPIOD, DIN2_Pin|DIN1_Pin|CIN2_Pin|CIN1_Pin
 187              		.loc 1 72 3 view .LVU44
 188 00ce 434F     		ldr	r7, .L3+8
 189 00d0 2246     		mov	r2, r4
 190 00d2 4FF60471 		movw	r1, #65284
 191 00d6 3846     		mov	r0, r7
 192 00d8 FFF7FEFF 		bl	HAL_GPIO_WritePin
 193              	.LVL5:
  73:Core/Src/gpio.c ****                           |BIN2_Pin|BIN1_Pin|AIN2_Pin|AIN1_Pin
  74:Core/Src/gpio.c ****                           |ultra_front_trig_Pin, GPIO_PIN_RESET);
  75:Core/Src/gpio.c **** 
  76:Core/Src/gpio.c ****   /*Configure GPIO pin Output Level */
  77:Core/Src/gpio.c ****   HAL_GPIO_WritePin(buzzer_GPIO_Port, buzzer_Pin, GPIO_PIN_SET);
 194              		.loc 1 77 3 view .LVU45
 195 00dc 0122     		movs	r2, #1
 196 00de 8021     		movs	r1, #128
 197 00e0 3846     		mov	r0, r7
 198 00e2 FFF7FEFF 		bl	HAL_GPIO_WritePin
 199              	.LVL6:
  78:Core/Src/gpio.c **** 
  79:Core/Src/gpio.c ****   /*Configure GPIO pins : key_2_Pin key_1_Pin */
  80:Core/Src/gpio.c ****   GPIO_InitStruct.Pin = key_2_Pin|key_1_Pin;
 200              		.loc 1 80 3 view .LVU46
 201              		.loc 1 80 23 is_stmt 0 view .LVU47
 202 00e6 4FF0060B 		mov	fp, #6
 203 00ea CDF81CB0 		str	fp, [sp, #28]
  81:Core/Src/gpio.c ****   GPIO_InitStruct.Mode = GPIO_MODE_INPUT;
 204              		.loc 1 81 3 is_stmt 1 view .LVU48
 205              		.loc 1 81 24 is_stmt 0 view .LVU49
ARM GAS  /tmp/ccx0hllb.s 			page 6


 206 00ee 0894     		str	r4, [sp, #32]
  82:Core/Src/gpio.c ****   GPIO_InitStruct.Pull = GPIO_PULLUP;
 207              		.loc 1 82 3 is_stmt 1 view .LVU50
 208              		.loc 1 82 24 is_stmt 0 view .LVU51
 209 00f0 0125     		movs	r5, #1
 210 00f2 0995     		str	r5, [sp, #36]
  83:Core/Src/gpio.c ****   HAL_GPIO_Init(GPIOE, &GPIO_InitStruct);
 211              		.loc 1 83 3 is_stmt 1 view .LVU52
 212 00f4 3146     		mov	r1, r6
 213 00f6 3848     		ldr	r0, .L3+4
 214 00f8 FFF7FEFF 		bl	HAL_GPIO_Init
 215              	.LVL7:
  84:Core/Src/gpio.c **** 
  85:Core/Src/gpio.c ****   /*Configure GPIO pins : led_small_Pin led_big_Pin */
  86:Core/Src/gpio.c ****   GPIO_InitStruct.Pin = led_small_Pin|led_big_Pin;
 216              		.loc 1 86 3 view .LVU53
 217              		.loc 1 86 23 is_stmt 0 view .LVU54
 218 00fc CDF81CB0 		str	fp, [sp, #28]
  87:Core/Src/gpio.c ****   GPIO_InitStruct.Mode = GPIO_MODE_OUTPUT_PP;
 219              		.loc 1 87 3 is_stmt 1 view .LVU55
 220              		.loc 1 87 24 is_stmt 0 view .LVU56
 221 0100 0895     		str	r5, [sp, #32]
  88:Core/Src/gpio.c ****   GPIO_InitStruct.Pull = GPIO_NOPULL;
 222              		.loc 1 88 3 is_stmt 1 view .LVU57
 223              		.loc 1 88 24 is_stmt 0 view .LVU58
 224 0102 0994     		str	r4, [sp, #36]
  89:Core/Src/gpio.c ****   GPIO_InitStruct.Speed = GPIO_SPEED_FREQ_MEDIUM;
 225              		.loc 1 89 3 is_stmt 1 view .LVU59
 226              		.loc 1 89 25 is_stmt 0 view .LVU60
 227 0104 0A95     		str	r5, [sp, #40]
  90:Core/Src/gpio.c ****   HAL_GPIO_Init(GPIOC, &GPIO_InitStruct);
 228              		.loc 1 90 3 is_stmt 1 view .LVU61
 229 0106 3146     		mov	r1, r6
 230 0108 5046     		mov	r0, r10
 231 010a FFF7FEFF 		bl	HAL_GPIO_Init
 232              	.LVL8:
  91:Core/Src/gpio.c **** 
  92:Core/Src/gpio.c ****   /*Configure GPIO pins : lcd_DC_Pin lcd_CS_Pin lcd_BLK_Pin lcd_SLK_Pin
  93:Core/Src/gpio.c ****                            lcd_mosi_Pin */
  94:Core/Src/gpio.c ****   GPIO_InitStruct.Pin = lcd_DC_Pin|lcd_CS_Pin|lcd_BLK_Pin|lcd_SLK_Pin
 233              		.loc 1 94 3 view .LVU62
 234              		.loc 1 94 23 is_stmt 0 view .LVU63
 235 010e BC23     		movs	r3, #188
 236 0110 0793     		str	r3, [sp, #28]
  95:Core/Src/gpio.c ****                           |lcd_mosi_Pin;
  96:Core/Src/gpio.c ****   GPIO_InitStruct.Mode = GPIO_MODE_OUTPUT_PP;
 237              		.loc 1 96 3 is_stmt 1 view .LVU64
 238              		.loc 1 96 24 is_stmt 0 view .LVU65
 239 0112 0895     		str	r5, [sp, #32]
  97:Core/Src/gpio.c ****   GPIO_InitStruct.Pull = GPIO_NOPULL;
 240              		.loc 1 97 3 is_stmt 1 view .LVU66
 241              		.loc 1 97 24 is_stmt 0 view .LVU67
 242 0114 0994     		str	r4, [sp, #36]
  98:Core/Src/gpio.c ****   GPIO_InitStruct.Speed = GPIO_SPEED_FREQ_MEDIUM;
 243              		.loc 1 98 3 is_stmt 1 view .LVU68
 244              		.loc 1 98 25 is_stmt 0 view .LVU69
 245 0116 0A95     		str	r5, [sp, #40]
ARM GAS  /tmp/ccx0hllb.s 			page 7


  99:Core/Src/gpio.c ****   HAL_GPIO_Init(GPIOA, &GPIO_InitStruct);
 246              		.loc 1 99 3 is_stmt 1 view .LVU70
 247 0118 3146     		mov	r1, r6
 248 011a 4046     		mov	r0, r8
 249 011c FFF7FEFF 		bl	HAL_GPIO_Init
 250              	.LVL9:
 100:Core/Src/gpio.c **** 
 101:Core/Src/gpio.c ****   /*Configure GPIO pin : ultra_right_trig_Pin */
 102:Core/Src/gpio.c ****   GPIO_InitStruct.Pin = ultra_right_trig_Pin;
 251              		.loc 1 102 3 view .LVU71
 252              		.loc 1 102 23 is_stmt 0 view .LVU72
 253 0120 0795     		str	r5, [sp, #28]
 103:Core/Src/gpio.c ****   GPIO_InitStruct.Mode = GPIO_MODE_OUTPUT_PP;
 254              		.loc 1 103 3 is_stmt 1 view .LVU73
 255              		.loc 1 103 24 is_stmt 0 view .LVU74
 256 0122 0895     		str	r5, [sp, #32]
 104:Core/Src/gpio.c ****   GPIO_InitStruct.Pull = GPIO_PULLDOWN;
 257              		.loc 1 104 3 is_stmt 1 view .LVU75
 258              		.loc 1 104 24 is_stmt 0 view .LVU76
 259 0124 4FF0020A 		mov	r10, #2
 260 0128 CDF824A0 		str	r10, [sp, #36]
 105:Core/Src/gpio.c ****   GPIO_InitStruct.Speed = GPIO_SPEED_FREQ_MEDIUM;
 261              		.loc 1 105 3 is_stmt 1 view .LVU77
 262              		.loc 1 105 25 is_stmt 0 view .LVU78
 263 012c 0A95     		str	r5, [sp, #40]
 106:Core/Src/gpio.c ****   HAL_GPIO_Init(ultra_right_trig_GPIO_Port, &GPIO_InitStruct);
 264              		.loc 1 106 3 is_stmt 1 view .LVU79
 265 012e 3146     		mov	r1, r6
 266 0130 4846     		mov	r0, r9
 267 0132 FFF7FEFF 		bl	HAL_GPIO_Init
 268              	.LVL10:
 107:Core/Src/gpio.c **** 
 108:Core/Src/gpio.c ****   /*Configure GPIO pins : pca9685_sda_Pin pca9685_scl_Pin */
 109:Core/Src/gpio.c ****   GPIO_InitStruct.Pin = pca9685_sda_Pin|pca9685_scl_Pin;
 269              		.loc 1 109 3 view .LVU80
 270              		.loc 1 109 23 is_stmt 0 view .LVU81
 271 0136 CDF81CB0 		str	fp, [sp, #28]
 110:Core/Src/gpio.c ****   GPIO_InitStruct.Mode = GPIO_MODE_OUTPUT_PP;
 272              		.loc 1 110 3 is_stmt 1 view .LVU82
 273              		.loc 1 110 24 is_stmt 0 view .LVU83
 274 013a 0895     		str	r5, [sp, #32]
 111:Core/Src/gpio.c ****   GPIO_InitStruct.Pull = GPIO_NOPULL;
 275              		.loc 1 111 3 is_stmt 1 view .LVU84
 276              		.loc 1 111 24 is_stmt 0 view .LVU85
 277 013c 0994     		str	r4, [sp, #36]
 112:Core/Src/gpio.c ****   GPIO_InitStruct.Speed = GPIO_SPEED_FREQ_MEDIUM;
 278              		.loc 1 112 3 is_stmt 1 view .LVU86
 279              		.loc 1 112 25 is_stmt 0 view .LVU87
 280 013e 0A95     		str	r5, [sp, #40]
 113:Core/Src/gpio.c ****   HAL_GPIO_Init(GPIOB, &GPIO_InitStruct);
 281              		.loc 1 113 3 is_stmt 1 view .LVU88
 282 0140 3146     		mov	r1, r6
 283 0142 4846     		mov	r0, r9
 284 0144 FFF7FEFF 		bl	HAL_GPIO_Init
 285              	.LVL11:
 114:Core/Src/gpio.c **** 
 115:Core/Src/gpio.c ****   /*Configure GPIO pins : servo_pwr_en_Pin motor_EN_Pin */
ARM GAS  /tmp/ccx0hllb.s 			page 8


 116:Core/Src/gpio.c ****   GPIO_InitStruct.Pin = servo_pwr_en_Pin|motor_EN_Pin;
 286              		.loc 1 116 3 view .LVU89
 287              		.loc 1 116 23 is_stmt 0 view .LVU90
 288 0148 8123     		movs	r3, #129
 289 014a 0793     		str	r3, [sp, #28]
 117:Core/Src/gpio.c ****   GPIO_InitStruct.Mode = GPIO_MODE_OUTPUT_PP;
 290              		.loc 1 117 3 is_stmt 1 view .LVU91
 291              		.loc 1 117 24 is_stmt 0 view .LVU92
 292 014c 0895     		str	r5, [sp, #32]
 118:Core/Src/gpio.c ****   GPIO_InitStruct.Pull = GPIO_NOPULL;
 293              		.loc 1 118 3 is_stmt 1 view .LVU93
 294              		.loc 1 118 24 is_stmt 0 view .LVU94
 295 014e 0994     		str	r4, [sp, #36]
 119:Core/Src/gpio.c ****   GPIO_InitStruct.Speed = GPIO_SPEED_FREQ_MEDIUM;
 296              		.loc 1 119 3 is_stmt 1 view .LVU95
 297              		.loc 1 119 25 is_stmt 0 view .LVU96
 298 0150 0A95     		str	r5, [sp, #40]
 120:Core/Src/gpio.c ****   HAL_GPIO_Init(GPIOE, &GPIO_InitStruct);
 299              		.loc 1 120 3 is_stmt 1 view .LVU97
 300 0152 3146     		mov	r1, r6
 301 0154 2048     		ldr	r0, .L3+4
 302 0156 FFF7FEFF 		bl	HAL_GPIO_Init
 303              	.LVL12:
 121:Core/Src/gpio.c **** 
 122:Core/Src/gpio.c ****   /*Configure GPIO pins : DIN2_Pin DIN1_Pin CIN2_Pin CIN1_Pin
 123:Core/Src/gpio.c ****                            BIN2_Pin BIN1_Pin AIN2_Pin AIN1_Pin */
 124:Core/Src/gpio.c ****   GPIO_InitStruct.Pin = DIN2_Pin|DIN1_Pin|CIN2_Pin|CIN1_Pin
 304              		.loc 1 124 3 view .LVU98
 305              		.loc 1 124 23 is_stmt 0 view .LVU99
 306 015a 4FF47F43 		mov	r3, #65280
 307 015e 0793     		str	r3, [sp, #28]
 125:Core/Src/gpio.c ****                           |BIN2_Pin|BIN1_Pin|AIN2_Pin|AIN1_Pin;
 126:Core/Src/gpio.c ****   GPIO_InitStruct.Mode = GPIO_MODE_OUTPUT_PP;
 308              		.loc 1 126 3 is_stmt 1 view .LVU100
 309              		.loc 1 126 24 is_stmt 0 view .LVU101
 310 0160 0895     		str	r5, [sp, #32]
 127:Core/Src/gpio.c ****   GPIO_InitStruct.Pull = GPIO_NOPULL;
 311              		.loc 1 127 3 is_stmt 1 view .LVU102
 312              		.loc 1 127 24 is_stmt 0 view .LVU103
 313 0162 0994     		str	r4, [sp, #36]
 128:Core/Src/gpio.c ****   GPIO_InitStruct.Speed = GPIO_SPEED_FREQ_MEDIUM;
 314              		.loc 1 128 3 is_stmt 1 view .LVU104
 315              		.loc 1 128 25 is_stmt 0 view .LVU105
 316 0164 0A95     		str	r5, [sp, #40]
 129:Core/Src/gpio.c ****   HAL_GPIO_Init(GPIOD, &GPIO_InitStruct);
 317              		.loc 1 129 3 is_stmt 1 view .LVU106
 318 0166 3146     		mov	r1, r6
 319 0168 3846     		mov	r0, r7
 320 016a FFF7FEFF 		bl	HAL_GPIO_Init
 321              	.LVL13:
 130:Core/Src/gpio.c **** 
 131:Core/Src/gpio.c ****   /*Configure GPIO pins : ir_rear_left_Pin ir_rear_right_Pin */
 132:Core/Src/gpio.c ****   GPIO_InitStruct.Pin = ir_rear_left_Pin|ir_rear_right_Pin;
 322              		.loc 1 132 3 view .LVU107
 323              		.loc 1 132 23 is_stmt 0 view .LVU108
 324 016e 4FF48853 		mov	r3, #4352
 325 0172 0793     		str	r3, [sp, #28]
ARM GAS  /tmp/ccx0hllb.s 			page 9


 133:Core/Src/gpio.c ****   GPIO_InitStruct.Mode = GPIO_MODE_INPUT;
 326              		.loc 1 133 3 is_stmt 1 view .LVU109
 327              		.loc 1 133 24 is_stmt 0 view .LVU110
 328 0174 0894     		str	r4, [sp, #32]
 134:Core/Src/gpio.c ****   GPIO_InitStruct.Pull = GPIO_PULLUP;
 329              		.loc 1 134 3 is_stmt 1 view .LVU111
 330              		.loc 1 134 24 is_stmt 0 view .LVU112
 331 0176 0995     		str	r5, [sp, #36]
 135:Core/Src/gpio.c ****   HAL_GPIO_Init(GPIOA, &GPIO_InitStruct);
 332              		.loc 1 135 3 is_stmt 1 view .LVU113
 333 0178 3146     		mov	r1, r6
 334 017a 4046     		mov	r0, r8
 335 017c FFF7FEFF 		bl	HAL_GPIO_Init
 336              	.LVL14:
 136:Core/Src/gpio.c **** 
 137:Core/Src/gpio.c ****   /*Configure GPIO pin : ultra_left_trig_Pin */
 138:Core/Src/gpio.c ****   GPIO_InitStruct.Pin = ultra_left_trig_Pin;
 337              		.loc 1 138 3 view .LVU114
 338              		.loc 1 138 23 is_stmt 0 view .LVU115
 339 0180 4FF40063 		mov	r3, #2048
 340 0184 0793     		str	r3, [sp, #28]
 139:Core/Src/gpio.c ****   GPIO_InitStruct.Mode = GPIO_MODE_OUTPUT_PP;
 341              		.loc 1 139 3 is_stmt 1 view .LVU116
 342              		.loc 1 139 24 is_stmt 0 view .LVU117
 343 0186 0895     		str	r5, [sp, #32]
 140:Core/Src/gpio.c ****   GPIO_InitStruct.Pull = GPIO_PULLDOWN;
 344              		.loc 1 140 3 is_stmt 1 view .LVU118
 345              		.loc 1 140 24 is_stmt 0 view .LVU119
 346 0188 CDF824A0 		str	r10, [sp, #36]
 141:Core/Src/gpio.c ****   GPIO_InitStruct.Speed = GPIO_SPEED_FREQ_MEDIUM;
 347              		.loc 1 141 3 is_stmt 1 view .LVU120
 348              		.loc 1 141 25 is_stmt 0 view .LVU121
 349 018c 0A95     		str	r5, [sp, #40]
 142:Core/Src/gpio.c ****   HAL_GPIO_Init(ultra_left_trig_GPIO_Port, &GPIO_InitStruct);
 350              		.loc 1 142 3 is_stmt 1 view .LVU122
 351 018e 3146     		mov	r1, r6
 352 0190 4046     		mov	r0, r8
 353 0192 FFF7FEFF 		bl	HAL_GPIO_Init
 354              	.LVL15:
 143:Core/Src/gpio.c **** 
 144:Core/Src/gpio.c ****   /*Configure GPIO pin : ultra_front_trig_Pin */
 145:Core/Src/gpio.c ****   GPIO_InitStruct.Pin = ultra_front_trig_Pin;
 355              		.loc 1 145 3 view .LVU123
 356              		.loc 1 145 23 is_stmt 0 view .LVU124
 357 0196 0423     		movs	r3, #4
 358 0198 0793     		str	r3, [sp, #28]
 146:Core/Src/gpio.c ****   GPIO_InitStruct.Mode = GPIO_MODE_OUTPUT_PP;
 359              		.loc 1 146 3 is_stmt 1 view .LVU125
 360              		.loc 1 146 24 is_stmt 0 view .LVU126
 361 019a 0895     		str	r5, [sp, #32]
 147:Core/Src/gpio.c ****   GPIO_InitStruct.Pull = GPIO_PULLDOWN;
 362              		.loc 1 147 3 is_stmt 1 view .LVU127
 363              		.loc 1 147 24 is_stmt 0 view .LVU128
 364 019c CDF824A0 		str	r10, [sp, #36]
 148:Core/Src/gpio.c ****   GPIO_InitStruct.Speed = GPIO_SPEED_FREQ_MEDIUM;
 365              		.loc 1 148 3 is_stmt 1 view .LVU129
 366              		.loc 1 148 25 is_stmt 0 view .LVU130
ARM GAS  /tmp/ccx0hllb.s 			page 10


 367 01a0 0A95     		str	r5, [sp, #40]
 149:Core/Src/gpio.c ****   HAL_GPIO_Init(ultra_front_trig_GPIO_Port, &GPIO_InitStruct);
 368              		.loc 1 149 3 is_stmt 1 view .LVU131
 369 01a2 3146     		mov	r1, r6
 370 01a4 3846     		mov	r0, r7
 371 01a6 FFF7FEFF 		bl	HAL_GPIO_Init
 372              	.LVL16:
 150:Core/Src/gpio.c **** 
 151:Core/Src/gpio.c ****   /*Configure GPIO pins : ir_front_left_Pin ir_front_right_Pin */
 152:Core/Src/gpio.c ****   GPIO_InitStruct.Pin = ir_front_left_Pin|ir_front_right_Pin;
 373              		.loc 1 152 3 view .LVU132
 374              		.loc 1 152 23 is_stmt 0 view .LVU133
 375 01aa 1823     		movs	r3, #24
 376 01ac 0793     		str	r3, [sp, #28]
 153:Core/Src/gpio.c ****   GPIO_InitStruct.Mode = GPIO_MODE_INPUT;
 377              		.loc 1 153 3 is_stmt 1 view .LVU134
 378              		.loc 1 153 24 is_stmt 0 view .LVU135
 379 01ae 0894     		str	r4, [sp, #32]
 154:Core/Src/gpio.c ****   GPIO_InitStruct.Pull = GPIO_PULLUP;
 380              		.loc 1 154 3 is_stmt 1 view .LVU136
 381              		.loc 1 154 24 is_stmt 0 view .LVU137
 382 01b0 0995     		str	r5, [sp, #36]
 155:Core/Src/gpio.c ****   HAL_GPIO_Init(GPIOD, &GPIO_InitStruct);
 383              		.loc 1 155 3 is_stmt 1 view .LVU138
 384 01b2 3146     		mov	r1, r6
 385 01b4 3846     		mov	r0, r7
 386 01b6 FFF7FEFF 		bl	HAL_GPIO_Init
 387              	.LVL17:
 156:Core/Src/gpio.c **** 
 157:Core/Src/gpio.c ****   /*Configure GPIO pin : buzzer_Pin */
 158:Core/Src/gpio.c ****   GPIO_InitStruct.Pin = buzzer_Pin;
 388              		.loc 1 158 3 view .LVU139
 389              		.loc 1 158 23 is_stmt 0 view .LVU140
 390 01ba 8023     		movs	r3, #128
 391 01bc 0793     		str	r3, [sp, #28]
 159:Core/Src/gpio.c ****   GPIO_InitStruct.Mode = GPIO_MODE_OUTPUT_OD;
 392              		.loc 1 159 3 is_stmt 1 view .LVU141
 393              		.loc 1 159 24 is_stmt 0 view .LVU142
 394 01be 1123     		movs	r3, #17
 395 01c0 0893     		str	r3, [sp, #32]
 160:Core/Src/gpio.c ****   GPIO_InitStruct.Pull = GPIO_NOPULL;
 396              		.loc 1 160 3 is_stmt 1 view .LVU143
 397              		.loc 1 160 24 is_stmt 0 view .LVU144
 398 01c2 0994     		str	r4, [sp, #36]
 161:Core/Src/gpio.c ****   GPIO_InitStruct.Speed = GPIO_SPEED_FREQ_MEDIUM;
 399              		.loc 1 161 3 is_stmt 1 view .LVU145
 400              		.loc 1 161 25 is_stmt 0 view .LVU146
 401 01c4 0A95     		str	r5, [sp, #40]
 162:Core/Src/gpio.c ****   HAL_GPIO_Init(buzzer_GPIO_Port, &GPIO_InitStruct);
 402              		.loc 1 162 3 is_stmt 1 view .LVU147
 403 01c6 3146     		mov	r1, r6
 404 01c8 3846     		mov	r0, r7
 405 01ca FFF7FEFF 		bl	HAL_GPIO_Init
 406              	.LVL18:
 163:Core/Src/gpio.c **** 
 164:Core/Src/gpio.c **** }
 407              		.loc 1 164 1 is_stmt 0 view .LVU148
ARM GAS  /tmp/ccx0hllb.s 			page 11


 408 01ce 0DB0     		add	sp, sp, #52
 409              	.LCFI2:
 410              		.cfi_def_cfa_offset 36
 411              		@ sp needed
 412 01d0 BDE8F08F 		pop	{r4, r5, r6, r7, r8, r9, r10, fp, pc}
 413              	.L4:
 414              		.align	2
 415              	.L3:
 416 01d4 00380240 		.word	1073887232
 417 01d8 00100240 		.word	1073876992
 418 01dc 000C0240 		.word	1073875968
 419 01e0 00080240 		.word	1073874944
 420 01e4 00000240 		.word	1073872896
 421 01e8 00040240 		.word	1073873920
 422              		.cfi_endproc
 423              	.LFE239:
 425              		.text
 426              	.Letext0:
 427              		.file 2 "/usr/lib/gcc/arm-none-eabi/14.2.1/include/stdint.h"
 428              		.file 3 "Drivers/CMSIS/Device/ST/STM32F4xx/Include/stm32f407xx.h"
 429              		.file 4 "Drivers/STM32F4xx_HAL_Driver/Inc/stm32f4xx_hal_gpio.h"
ARM GAS  /tmp/ccx0hllb.s 			page 12


DEFINED SYMBOLS
                            *ABS*:00000000 gpio.c
     /tmp/ccx0hllb.s:21     .text.MX_GPIO_Init:00000000 $t
     /tmp/ccx0hllb.s:27     .text.MX_GPIO_Init:00000000 MX_GPIO_Init
     /tmp/ccx0hllb.s:416    .text.MX_GPIO_Init:000001d4 $d

UNDEFINED SYMBOLS
HAL_GPIO_WritePin
HAL_GPIO_Init
