ARM GAS  /tmp/cc77gMqp.s 			page 1


   1              		.cpu cortex-m4
   2              		.arch armv7e-m
   3              		.fpu fpv4-sp-d16
   4              		.eabi_attribute 27, 1
   5              		.eabi_attribute 28, 1
   6              		.eabi_attribute 20, 1
   7              		.eabi_attribute 21, 1
   8              		.eabi_attribute 23, 3
   9              		.eabi_attribute 24, 1
  10              		.eabi_attribute 25, 1
  11              		.eabi_attribute 26, 1
  12              		.eabi_attribute 30, 1
  13              		.eabi_attribute 34, 1
  14              		.eabi_attribute 18, 4
  15              		.file	"rtc.c"
  16              		.text
  17              	.Ltext0:
  18              		.cfi_sections	.debug_frame
  19              		.file 1 "Core/Src/rtc.c"
  20              		.section	.text.MX_RTC_Init,"ax",%progbits
  21              		.align	1
  22              		.global	MX_RTC_Init
  23              		.syntax unified
  24              		.thumb
  25              		.thumb_func
  27              	MX_RTC_Init:
  28              	.LFB239:
   1:Core/Src/rtc.c **** /* USER CODE BEGIN Header */
   2:Core/Src/rtc.c **** /**
   3:Core/Src/rtc.c ****   ******************************************************************************
   4:Core/Src/rtc.c ****   * @file    rtc.c
   5:Core/Src/rtc.c ****   * @brief   This file provides code for the configuration
   6:Core/Src/rtc.c ****   *          of the RTC instances.
   7:Core/Src/rtc.c ****   ******************************************************************************
   8:Core/Src/rtc.c ****   * @attention
   9:Core/Src/rtc.c ****   *
  10:Core/Src/rtc.c ****   * Copyright (c) 2026 STMicroelectronics.
  11:Core/Src/rtc.c ****   * All rights reserved.
  12:Core/Src/rtc.c ****   *
  13:Core/Src/rtc.c ****   * This software is licensed under terms that can be found in the LICENSE file
  14:Core/Src/rtc.c ****   * in the root directory of this software component.
  15:Core/Src/rtc.c ****   * If no LICENSE file comes with this software, it is provided AS-IS.
  16:Core/Src/rtc.c ****   *
  17:Core/Src/rtc.c ****   ******************************************************************************
  18:Core/Src/rtc.c ****   */
  19:Core/Src/rtc.c **** /* USER CODE END Header */
  20:Core/Src/rtc.c **** /* Includes ------------------------------------------------------------------*/
  21:Core/Src/rtc.c **** #include "rtc.h"
  22:Core/Src/rtc.c **** 
  23:Core/Src/rtc.c **** /* USER CODE BEGIN 0 */
  24:Core/Src/rtc.c **** 
  25:Core/Src/rtc.c **** /* USER CODE END 0 */
  26:Core/Src/rtc.c **** 
  27:Core/Src/rtc.c **** RTC_HandleTypeDef hrtc;
  28:Core/Src/rtc.c **** 
  29:Core/Src/rtc.c **** /* RTC init function */
  30:Core/Src/rtc.c **** void MX_RTC_Init(void)
ARM GAS  /tmp/cc77gMqp.s 			page 2


  31:Core/Src/rtc.c **** {
  29              		.loc 1 31 1 view -0
  30              		.cfi_startproc
  31              		@ args = 0, pretend = 0, frame = 0
  32              		@ frame_needed = 0, uses_anonymous_args = 0
  33 0000 08B5     		push	{r3, lr}
  34              	.LCFI0:
  35              		.cfi_def_cfa_offset 8
  36              		.cfi_offset 3, -8
  37              		.cfi_offset 14, -4
  32:Core/Src/rtc.c **** 
  33:Core/Src/rtc.c ****   /* USER CODE BEGIN RTC_Init 0 */
  34:Core/Src/rtc.c **** 
  35:Core/Src/rtc.c ****   /* USER CODE END RTC_Init 0 */
  36:Core/Src/rtc.c **** 
  37:Core/Src/rtc.c ****   /* USER CODE BEGIN RTC_Init 1 */
  38:Core/Src/rtc.c **** 
  39:Core/Src/rtc.c ****   /* USER CODE END RTC_Init 1 */
  40:Core/Src/rtc.c **** 
  41:Core/Src/rtc.c ****   /** Initialize RTC Only
  42:Core/Src/rtc.c ****   */
  43:Core/Src/rtc.c ****   hrtc.Instance = RTC;
  38              		.loc 1 43 3 view .LVU1
  39              		.loc 1 43 17 is_stmt 0 view .LVU2
  40 0002 0948     		ldr	r0, .L5
  41 0004 094B     		ldr	r3, .L5+4
  42 0006 0360     		str	r3, [r0]
  44:Core/Src/rtc.c ****   hrtc.Init.HourFormat = RTC_HOURFORMAT_24;
  43              		.loc 1 44 3 is_stmt 1 view .LVU3
  44              		.loc 1 44 24 is_stmt 0 view .LVU4
  45 0008 0023     		movs	r3, #0
  46 000a 4360     		str	r3, [r0, #4]
  45:Core/Src/rtc.c ****   hrtc.Init.AsynchPrediv = 127;
  47              		.loc 1 45 3 is_stmt 1 view .LVU5
  48              		.loc 1 45 26 is_stmt 0 view .LVU6
  49 000c 7F22     		movs	r2, #127
  50 000e 8260     		str	r2, [r0, #8]
  46:Core/Src/rtc.c ****   hrtc.Init.SynchPrediv = 255;
  51              		.loc 1 46 3 is_stmt 1 view .LVU7
  52              		.loc 1 46 25 is_stmt 0 view .LVU8
  53 0010 FF22     		movs	r2, #255
  54 0012 C260     		str	r2, [r0, #12]
  47:Core/Src/rtc.c ****   hrtc.Init.OutPut = RTC_OUTPUT_DISABLE;
  55              		.loc 1 47 3 is_stmt 1 view .LVU9
  56              		.loc 1 47 20 is_stmt 0 view .LVU10
  57 0014 0361     		str	r3, [r0, #16]
  48:Core/Src/rtc.c ****   hrtc.Init.OutPutPolarity = RTC_OUTPUT_POLARITY_HIGH;
  58              		.loc 1 48 3 is_stmt 1 view .LVU11
  59              		.loc 1 48 28 is_stmt 0 view .LVU12
  60 0016 4361     		str	r3, [r0, #20]
  49:Core/Src/rtc.c ****   hrtc.Init.OutPutType = RTC_OUTPUT_TYPE_OPENDRAIN;
  61              		.loc 1 49 3 is_stmt 1 view .LVU13
  62              		.loc 1 49 24 is_stmt 0 view .LVU14
  63 0018 8361     		str	r3, [r0, #24]
  50:Core/Src/rtc.c ****   if (HAL_RTC_Init(&hrtc) != HAL_OK)
  64              		.loc 1 50 3 is_stmt 1 view .LVU15
  65              		.loc 1 50 7 is_stmt 0 view .LVU16
ARM GAS  /tmp/cc77gMqp.s 			page 3


  66 001a FFF7FEFF 		bl	HAL_RTC_Init
  67              	.LVL0:
  68              		.loc 1 50 6 discriminator 1 view .LVU17
  69 001e 00B9     		cbnz	r0, .L4
  70              	.L1:
  51:Core/Src/rtc.c ****   {
  52:Core/Src/rtc.c ****     Error_Handler();
  53:Core/Src/rtc.c ****   }
  54:Core/Src/rtc.c ****   /* USER CODE BEGIN RTC_Init 2 */
  55:Core/Src/rtc.c **** 
  56:Core/Src/rtc.c ****   /* USER CODE END RTC_Init 2 */
  57:Core/Src/rtc.c **** 
  58:Core/Src/rtc.c **** }
  71              		.loc 1 58 1 view .LVU18
  72 0020 08BD     		pop	{r3, pc}
  73              	.L4:
  52:Core/Src/rtc.c ****   }
  74              		.loc 1 52 5 is_stmt 1 view .LVU19
  75 0022 FFF7FEFF 		bl	Error_Handler
  76              	.LVL1:
  77              		.loc 1 58 1 is_stmt 0 view .LVU20
  78 0026 FBE7     		b	.L1
  79              	.L6:
  80              		.align	2
  81              	.L5:
  82 0028 00000000 		.word	hrtc
  83 002c 00280040 		.word	1073752064
  84              		.cfi_endproc
  85              	.LFE239:
  87              		.section	.text.HAL_RTC_MspInit,"ax",%progbits
  88              		.align	1
  89              		.global	HAL_RTC_MspInit
  90              		.syntax unified
  91              		.thumb
  92              		.thumb_func
  94              	HAL_RTC_MspInit:
  95              	.LVL2:
  96              	.LFB240:
  59:Core/Src/rtc.c **** 
  60:Core/Src/rtc.c **** void HAL_RTC_MspInit(RTC_HandleTypeDef* rtcHandle)
  61:Core/Src/rtc.c **** {
  97              		.loc 1 61 1 is_stmt 1 view -0
  98              		.cfi_startproc
  99              		@ args = 0, pretend = 0, frame = 16
 100              		@ frame_needed = 0, uses_anonymous_args = 0
 101              		.loc 1 61 1 is_stmt 0 view .LVU22
 102 0000 00B5     		push	{lr}
 103              	.LCFI1:
 104              		.cfi_def_cfa_offset 4
 105              		.cfi_offset 14, -4
 106 0002 85B0     		sub	sp, sp, #20
 107              	.LCFI2:
 108              		.cfi_def_cfa_offset 24
  62:Core/Src/rtc.c **** 
  63:Core/Src/rtc.c ****   RCC_PeriphCLKInitTypeDef PeriphClkInitStruct = {0};
 109              		.loc 1 63 3 is_stmt 1 view .LVU23
 110              		.loc 1 63 28 is_stmt 0 view .LVU24
ARM GAS  /tmp/cc77gMqp.s 			page 4


 111 0004 0023     		movs	r3, #0
 112 0006 0093     		str	r3, [sp]
 113 0008 0193     		str	r3, [sp, #4]
 114 000a 0293     		str	r3, [sp, #8]
 115 000c 0393     		str	r3, [sp, #12]
  64:Core/Src/rtc.c ****   if(rtcHandle->Instance==RTC)
 116              		.loc 1 64 3 is_stmt 1 view .LVU25
 117              		.loc 1 64 15 is_stmt 0 view .LVU26
 118 000e 0268     		ldr	r2, [r0]
 119              		.loc 1 64 5 view .LVU27
 120 0010 0B4B     		ldr	r3, .L13
 121 0012 9A42     		cmp	r2, r3
 122 0014 02D0     		beq	.L11
 123              	.LVL3:
 124              	.L7:
  65:Core/Src/rtc.c ****   {
  66:Core/Src/rtc.c ****   /* USER CODE BEGIN RTC_MspInit 0 */
  67:Core/Src/rtc.c **** 
  68:Core/Src/rtc.c ****   /* USER CODE END RTC_MspInit 0 */
  69:Core/Src/rtc.c **** 
  70:Core/Src/rtc.c ****   /** Initializes the peripherals clock
  71:Core/Src/rtc.c ****   */
  72:Core/Src/rtc.c ****     PeriphClkInitStruct.PeriphClockSelection = RCC_PERIPHCLK_RTC;
  73:Core/Src/rtc.c ****     PeriphClkInitStruct.RTCClockSelection = RCC_RTCCLKSOURCE_LSE;
  74:Core/Src/rtc.c ****     if (HAL_RCCEx_PeriphCLKConfig(&PeriphClkInitStruct) != HAL_OK)
  75:Core/Src/rtc.c ****     {
  76:Core/Src/rtc.c ****       Error_Handler();
  77:Core/Src/rtc.c ****     }
  78:Core/Src/rtc.c **** 
  79:Core/Src/rtc.c ****     /* RTC clock enable */
  80:Core/Src/rtc.c ****     __HAL_RCC_RTC_ENABLE();
  81:Core/Src/rtc.c ****   /* USER CODE BEGIN RTC_MspInit 1 */
  82:Core/Src/rtc.c **** 
  83:Core/Src/rtc.c ****   /* USER CODE END RTC_MspInit 1 */
  84:Core/Src/rtc.c ****   }
  85:Core/Src/rtc.c **** }
 125              		.loc 1 85 1 view .LVU28
 126 0016 05B0     		add	sp, sp, #20
 127              	.LCFI3:
 128              		.cfi_remember_state
 129              		.cfi_def_cfa_offset 4
 130              		@ sp needed
 131 0018 5DF804FB 		ldr	pc, [sp], #4
 132              	.LVL4:
 133              	.L11:
 134              	.LCFI4:
 135              		.cfi_restore_state
  72:Core/Src/rtc.c ****     PeriphClkInitStruct.RTCClockSelection = RCC_RTCCLKSOURCE_LSE;
 136              		.loc 1 72 5 is_stmt 1 view .LVU29
  72:Core/Src/rtc.c ****     PeriphClkInitStruct.RTCClockSelection = RCC_RTCCLKSOURCE_LSE;
 137              		.loc 1 72 46 is_stmt 0 view .LVU30
 138 001c 0223     		movs	r3, #2
 139 001e 0093     		str	r3, [sp]
  73:Core/Src/rtc.c ****     if (HAL_RCCEx_PeriphCLKConfig(&PeriphClkInitStruct) != HAL_OK)
 140              		.loc 1 73 5 is_stmt 1 view .LVU31
  73:Core/Src/rtc.c ****     if (HAL_RCCEx_PeriphCLKConfig(&PeriphClkInitStruct) != HAL_OK)
 141              		.loc 1 73 43 is_stmt 0 view .LVU32
ARM GAS  /tmp/cc77gMqp.s 			page 5


 142 0020 4FF48073 		mov	r3, #256
 143 0024 0393     		str	r3, [sp, #12]
  74:Core/Src/rtc.c ****     {
 144              		.loc 1 74 5 is_stmt 1 view .LVU33
  74:Core/Src/rtc.c ****     {
 145              		.loc 1 74 9 is_stmt 0 view .LVU34
 146 0026 6846     		mov	r0, sp
 147              	.LVL5:
  74:Core/Src/rtc.c ****     {
 148              		.loc 1 74 9 view .LVU35
 149 0028 FFF7FEFF 		bl	HAL_RCCEx_PeriphCLKConfig
 150              	.LVL6:
  74:Core/Src/rtc.c ****     {
 151              		.loc 1 74 8 discriminator 1 view .LVU36
 152 002c 20B9     		cbnz	r0, .L12
 153              	.L9:
  80:Core/Src/rtc.c ****   /* USER CODE BEGIN RTC_MspInit 1 */
 154              		.loc 1 80 5 is_stmt 1 view .LVU37
 155 002e 054B     		ldr	r3, .L13+4
 156 0030 0122     		movs	r2, #1
 157 0032 C3F83C2E 		str	r2, [r3, #3644]
 158              		.loc 1 85 1 is_stmt 0 view .LVU38
 159 0036 EEE7     		b	.L7
 160              	.L12:
  76:Core/Src/rtc.c ****     }
 161              		.loc 1 76 7 is_stmt 1 view .LVU39
 162 0038 FFF7FEFF 		bl	Error_Handler
 163              	.LVL7:
 164 003c F7E7     		b	.L9
 165              	.L14:
 166 003e 00BF     		.align	2
 167              	.L13:
 168 0040 00280040 		.word	1073752064
 169 0044 00004742 		.word	1111949312
 170              		.cfi_endproc
 171              	.LFE240:
 173              		.section	.text.HAL_RTC_MspDeInit,"ax",%progbits
 174              		.align	1
 175              		.global	HAL_RTC_MspDeInit
 176              		.syntax unified
 177              		.thumb
 178              		.thumb_func
 180              	HAL_RTC_MspDeInit:
 181              	.LVL8:
 182              	.LFB241:
  86:Core/Src/rtc.c **** 
  87:Core/Src/rtc.c **** void HAL_RTC_MspDeInit(RTC_HandleTypeDef* rtcHandle)
  88:Core/Src/rtc.c **** {
 183              		.loc 1 88 1 view -0
 184              		.cfi_startproc
 185              		@ args = 0, pretend = 0, frame = 0
 186              		@ frame_needed = 0, uses_anonymous_args = 0
 187              		@ link register save eliminated.
  89:Core/Src/rtc.c **** 
  90:Core/Src/rtc.c ****   if(rtcHandle->Instance==RTC)
 188              		.loc 1 90 3 view .LVU41
 189              		.loc 1 90 15 is_stmt 0 view .LVU42
ARM GAS  /tmp/cc77gMqp.s 			page 6


 190 0000 0268     		ldr	r2, [r0]
 191              		.loc 1 90 5 view .LVU43
 192 0002 044B     		ldr	r3, .L18
 193 0004 9A42     		cmp	r2, r3
 194 0006 00D0     		beq	.L17
 195              	.L15:
  91:Core/Src/rtc.c ****   {
  92:Core/Src/rtc.c ****   /* USER CODE BEGIN RTC_MspDeInit 0 */
  93:Core/Src/rtc.c **** 
  94:Core/Src/rtc.c ****   /* USER CODE END RTC_MspDeInit 0 */
  95:Core/Src/rtc.c ****     /* Peripheral clock disable */
  96:Core/Src/rtc.c ****     __HAL_RCC_RTC_DISABLE();
  97:Core/Src/rtc.c ****   /* USER CODE BEGIN RTC_MspDeInit 1 */
  98:Core/Src/rtc.c **** 
  99:Core/Src/rtc.c ****   /* USER CODE END RTC_MspDeInit 1 */
 100:Core/Src/rtc.c ****   }
 101:Core/Src/rtc.c **** }
 196              		.loc 1 101 1 view .LVU44
 197 0008 7047     		bx	lr
 198              	.L17:
  96:Core/Src/rtc.c ****   /* USER CODE BEGIN RTC_MspDeInit 1 */
 199              		.loc 1 96 5 is_stmt 1 view .LVU45
 200 000a 034B     		ldr	r3, .L18+4
 201 000c 0022     		movs	r2, #0
 202 000e C3F83C2E 		str	r2, [r3, #3644]
 203              		.loc 1 101 1 is_stmt 0 view .LVU46
 204 0012 F9E7     		b	.L15
 205              	.L19:
 206              		.align	2
 207              	.L18:
 208 0014 00280040 		.word	1073752064
 209 0018 00004742 		.word	1111949312
 210              		.cfi_endproc
 211              	.LFE241:
 213              		.global	hrtc
 214              		.section	.bss.hrtc,"aw",%nobits
 215              		.align	2
 218              	hrtc:
 219 0000 00000000 		.space	32
 219      00000000 
 219      00000000 
 219      00000000 
 219      00000000 
 220              		.text
 221              	.Letext0:
 222              		.file 2 "Drivers/CMSIS/Device/ST/STM32F4xx/Include/stm32f407xx.h"
 223              		.file 3 "/usr/lib/gcc/arm-none-eabi/14.2.1/include/stdint.h"
 224              		.file 4 "Drivers/CMSIS/Device/ST/STM32F4xx/Include/stm32f4xx.h"
 225              		.file 5 "Drivers/STM32F4xx_HAL_Driver/Inc/stm32f4xx_hal_def.h"
 226              		.file 6 "Drivers/STM32F4xx_HAL_Driver/Inc/stm32f4xx_hal_rcc_ex.h"
 227              		.file 7 "Drivers/STM32F4xx_HAL_Driver/Inc/stm32f4xx_hal_rtc.h"
 228              		.file 8 "Core/Inc/rtc.h"
 229              		.file 9 "Core/Inc/main.h"
ARM GAS  /tmp/cc77gMqp.s 			page 7


DEFINED SYMBOLS
                            *ABS*:00000000 rtc.c
     /tmp/cc77gMqp.s:21     .text.MX_RTC_Init:00000000 $t
     /tmp/cc77gMqp.s:27     .text.MX_RTC_Init:00000000 MX_RTC_Init
     /tmp/cc77gMqp.s:82     .text.MX_RTC_Init:00000028 $d
     /tmp/cc77gMqp.s:218    .bss.hrtc:00000000 hrtc
     /tmp/cc77gMqp.s:88     .text.HAL_RTC_MspInit:00000000 $t
     /tmp/cc77gMqp.s:94     .text.HAL_RTC_MspInit:00000000 HAL_RTC_MspInit
     /tmp/cc77gMqp.s:168    .text.HAL_RTC_MspInit:00000040 $d
     /tmp/cc77gMqp.s:174    .text.HAL_RTC_MspDeInit:00000000 $t
     /tmp/cc77gMqp.s:180    .text.HAL_RTC_MspDeInit:00000000 HAL_RTC_MspDeInit
     /tmp/cc77gMqp.s:208    .text.HAL_RTC_MspDeInit:00000014 $d
     /tmp/cc77gMqp.s:215    .bss.hrtc:00000000 $d

UNDEFINED SYMBOLS
HAL_RTC_Init
Error_Handler
HAL_RCCEx_PeriphCLKConfig
