ARM GAS  /tmp/cc7H3mbf.s 			page 1


   1              		.cpu cortex-m4
   2              		.arch armv7e-m
   3              		.fpu fpv4-sp-d16
   4              		.eabi_attribute 27, 1
   5              		.eabi_attribute 28, 1
   6              		.eabi_attribute 20, 1
   7              		.eabi_attribute 21, 1
   8              		.eabi_attribute 23, 3
   9              		.eabi_attribute 24, 1
  10              		.eabi_attribute 25, 1
  11              		.eabi_attribute 26, 1
  12              		.eabi_attribute 30, 1
  13              		.eabi_attribute 34, 1
  14              		.eabi_attribute 18, 4
  15              		.file	"stm32f4xx_it.c"
  16              		.text
  17              	.Ltext0:
  18              		.cfi_sections	.debug_frame
  19              		.file 1 "Core/Src/stm32f4xx_it.c"
  20              		.section	.text.NMI_Handler,"ax",%progbits
  21              		.align	1
  22              		.global	NMI_Handler
  23              		.syntax unified
  24              		.thumb
  25              		.thumb_func
  27              	NMI_Handler:
  28              	.LFB239:
   1:Core/Src/stm32f4xx_it.c **** /* USER CODE BEGIN Header */
   2:Core/Src/stm32f4xx_it.c **** /**
   3:Core/Src/stm32f4xx_it.c ****   ******************************************************************************
   4:Core/Src/stm32f4xx_it.c ****   * @file    stm32f4xx_it.c
   5:Core/Src/stm32f4xx_it.c ****   * @brief   Interrupt Service Routines.
   6:Core/Src/stm32f4xx_it.c ****   ******************************************************************************
   7:Core/Src/stm32f4xx_it.c ****   * @attention
   8:Core/Src/stm32f4xx_it.c ****   *
   9:Core/Src/stm32f4xx_it.c ****   * Copyright (c) 2025 STMicroelectronics.
  10:Core/Src/stm32f4xx_it.c ****   * All rights reserved.
  11:Core/Src/stm32f4xx_it.c ****   *
  12:Core/Src/stm32f4xx_it.c ****   * This software is licensed under terms that can be found in the LICENSE file
  13:Core/Src/stm32f4xx_it.c ****   * in the root directory of this software component.
  14:Core/Src/stm32f4xx_it.c ****   * If no LICENSE file comes with this software, it is provided AS-IS.
  15:Core/Src/stm32f4xx_it.c ****   *
  16:Core/Src/stm32f4xx_it.c ****   ******************************************************************************
  17:Core/Src/stm32f4xx_it.c ****   */
  18:Core/Src/stm32f4xx_it.c **** /* USER CODE END Header */
  19:Core/Src/stm32f4xx_it.c **** 
  20:Core/Src/stm32f4xx_it.c **** /* Includes ------------------------------------------------------------------*/
  21:Core/Src/stm32f4xx_it.c **** #include "main.h"
  22:Core/Src/stm32f4xx_it.c **** #include "stm32f4xx_it.h"
  23:Core/Src/stm32f4xx_it.c **** /* Private includes ----------------------------------------------------------*/
  24:Core/Src/stm32f4xx_it.c **** /* USER CODE BEGIN Includes */
  25:Core/Src/stm32f4xx_it.c **** /* USER CODE END Includes */
  26:Core/Src/stm32f4xx_it.c **** 
  27:Core/Src/stm32f4xx_it.c **** /* Private typedef -----------------------------------------------------------*/
  28:Core/Src/stm32f4xx_it.c **** /* USER CODE BEGIN TD */
  29:Core/Src/stm32f4xx_it.c **** 
  30:Core/Src/stm32f4xx_it.c **** /* USER CODE END TD */
ARM GAS  /tmp/cc7H3mbf.s 			page 2


  31:Core/Src/stm32f4xx_it.c **** 
  32:Core/Src/stm32f4xx_it.c **** /* Private define ------------------------------------------------------------*/
  33:Core/Src/stm32f4xx_it.c **** /* USER CODE BEGIN PD */
  34:Core/Src/stm32f4xx_it.c **** 
  35:Core/Src/stm32f4xx_it.c **** /* USER CODE END PD */
  36:Core/Src/stm32f4xx_it.c **** 
  37:Core/Src/stm32f4xx_it.c **** /* Private macro -------------------------------------------------------------*/
  38:Core/Src/stm32f4xx_it.c **** /* USER CODE BEGIN PM */
  39:Core/Src/stm32f4xx_it.c **** 
  40:Core/Src/stm32f4xx_it.c **** /* USER CODE END PM */
  41:Core/Src/stm32f4xx_it.c **** 
  42:Core/Src/stm32f4xx_it.c **** /* Private variables ---------------------------------------------------------*/
  43:Core/Src/stm32f4xx_it.c **** /* USER CODE BEGIN PV */
  44:Core/Src/stm32f4xx_it.c **** 
  45:Core/Src/stm32f4xx_it.c **** /* USER CODE END PV */
  46:Core/Src/stm32f4xx_it.c **** 
  47:Core/Src/stm32f4xx_it.c **** /* Private function prototypes -----------------------------------------------*/
  48:Core/Src/stm32f4xx_it.c **** /* USER CODE BEGIN PFP */
  49:Core/Src/stm32f4xx_it.c **** 
  50:Core/Src/stm32f4xx_it.c **** /* USER CODE END PFP */
  51:Core/Src/stm32f4xx_it.c **** 
  52:Core/Src/stm32f4xx_it.c **** /* Private user code ---------------------------------------------------------*/
  53:Core/Src/stm32f4xx_it.c **** /* USER CODE BEGIN 0 */
  54:Core/Src/stm32f4xx_it.c **** 
  55:Core/Src/stm32f4xx_it.c **** /* USER CODE END 0 */
  56:Core/Src/stm32f4xx_it.c **** 
  57:Core/Src/stm32f4xx_it.c **** /* External variables --------------------------------------------------------*/
  58:Core/Src/stm32f4xx_it.c **** extern DMA_HandleTypeDef hdma_adc1;
  59:Core/Src/stm32f4xx_it.c **** extern I2C_HandleTypeDef hi2c1;
  60:Core/Src/stm32f4xx_it.c **** extern TIM_HandleTypeDef htim2;
  61:Core/Src/stm32f4xx_it.c **** extern TIM_HandleTypeDef htim3;
  62:Core/Src/stm32f4xx_it.c **** extern TIM_HandleTypeDef htim4;
  63:Core/Src/stm32f4xx_it.c **** extern TIM_HandleTypeDef htim5;
  64:Core/Src/stm32f4xx_it.c **** extern TIM_HandleTypeDef htim8;
  65:Core/Src/stm32f4xx_it.c **** extern DMA_HandleTypeDef hdma_usart3_rx;
  66:Core/Src/stm32f4xx_it.c **** extern DMA_HandleTypeDef hdma_usart3_tx;
  67:Core/Src/stm32f4xx_it.c **** extern UART_HandleTypeDef huart1;
  68:Core/Src/stm32f4xx_it.c **** extern UART_HandleTypeDef huart2;
  69:Core/Src/stm32f4xx_it.c **** extern UART_HandleTypeDef huart3;
  70:Core/Src/stm32f4xx_it.c **** extern TIM_HandleTypeDef htim6;
  71:Core/Src/stm32f4xx_it.c **** 
  72:Core/Src/stm32f4xx_it.c **** /* USER CODE BEGIN EV */
  73:Core/Src/stm32f4xx_it.c **** 
  74:Core/Src/stm32f4xx_it.c **** /* USER CODE END EV */
  75:Core/Src/stm32f4xx_it.c **** 
  76:Core/Src/stm32f4xx_it.c **** /******************************************************************************/
  77:Core/Src/stm32f4xx_it.c **** /*           Cortex-M4 Processor Interruption and Exception Handlers          */
  78:Core/Src/stm32f4xx_it.c **** /******************************************************************************/
  79:Core/Src/stm32f4xx_it.c **** /**
  80:Core/Src/stm32f4xx_it.c ****   * @brief This function handles Non maskable interrupt.
  81:Core/Src/stm32f4xx_it.c ****   */
  82:Core/Src/stm32f4xx_it.c **** void NMI_Handler(void)
  83:Core/Src/stm32f4xx_it.c **** {
  29              		.loc 1 83 1 view -0
  30              		.cfi_startproc
  31              		@ Volatile: function does not return.
  32              		@ args = 0, pretend = 0, frame = 0
ARM GAS  /tmp/cc7H3mbf.s 			page 3


  33              		@ frame_needed = 0, uses_anonymous_args = 0
  34              		@ link register save eliminated.
  35              	.L2:
  84:Core/Src/stm32f4xx_it.c ****   /* USER CODE BEGIN NonMaskableInt_IRQn 0 */
  85:Core/Src/stm32f4xx_it.c **** 
  86:Core/Src/stm32f4xx_it.c ****   /* USER CODE END NonMaskableInt_IRQn 0 */
  87:Core/Src/stm32f4xx_it.c ****   /* USER CODE BEGIN NonMaskableInt_IRQn 1 */
  88:Core/Src/stm32f4xx_it.c ****    while (1)
  36              		.loc 1 88 4 view .LVU1
  89:Core/Src/stm32f4xx_it.c ****   {
  90:Core/Src/stm32f4xx_it.c ****   }
  37              		.loc 1 90 3 view .LVU2
  88:Core/Src/stm32f4xx_it.c ****   {
  38              		.loc 1 88 10 view .LVU3
  39 0000 FEE7     		b	.L2
  40              		.cfi_endproc
  41              	.LFE239:
  43              		.section	.text.HardFault_Handler,"ax",%progbits
  44              		.align	1
  45              		.global	HardFault_Handler
  46              		.syntax unified
  47              		.thumb
  48              		.thumb_func
  50              	HardFault_Handler:
  51              	.LFB240:
  91:Core/Src/stm32f4xx_it.c ****   /* USER CODE END NonMaskableInt_IRQn 1 */
  92:Core/Src/stm32f4xx_it.c **** }
  93:Core/Src/stm32f4xx_it.c **** 
  94:Core/Src/stm32f4xx_it.c **** /**
  95:Core/Src/stm32f4xx_it.c ****   * @brief This function handles Hard fault interrupt.
  96:Core/Src/stm32f4xx_it.c ****   */
  97:Core/Src/stm32f4xx_it.c **** void HardFault_Handler(void)
  98:Core/Src/stm32f4xx_it.c **** {
  52              		.loc 1 98 1 view -0
  53              		.cfi_startproc
  54              		@ Volatile: function does not return.
  55              		@ args = 0, pretend = 0, frame = 0
  56              		@ frame_needed = 0, uses_anonymous_args = 0
  57              		@ link register save eliminated.
  58              	.L4:
  99:Core/Src/stm32f4xx_it.c ****   /* USER CODE BEGIN HardFault_IRQn 0 */
 100:Core/Src/stm32f4xx_it.c **** 
 101:Core/Src/stm32f4xx_it.c ****   /* USER CODE END HardFault_IRQn 0 */
 102:Core/Src/stm32f4xx_it.c ****   while (1)
  59              		.loc 1 102 3 view .LVU5
 103:Core/Src/stm32f4xx_it.c ****   {
 104:Core/Src/stm32f4xx_it.c ****     /* USER CODE BEGIN W1_HardFault_IRQn 0 */
 105:Core/Src/stm32f4xx_it.c ****     /* USER CODE END W1_HardFault_IRQn 0 */
 106:Core/Src/stm32f4xx_it.c ****   }
  60              		.loc 1 106 3 view .LVU6
 102:Core/Src/stm32f4xx_it.c ****   {
  61              		.loc 1 102 9 view .LVU7
  62 0000 FEE7     		b	.L4
  63              		.cfi_endproc
  64              	.LFE240:
  66              		.section	.text.MemManage_Handler,"ax",%progbits
  67              		.align	1
ARM GAS  /tmp/cc7H3mbf.s 			page 4


  68              		.global	MemManage_Handler
  69              		.syntax unified
  70              		.thumb
  71              		.thumb_func
  73              	MemManage_Handler:
  74              	.LFB241:
 107:Core/Src/stm32f4xx_it.c **** }
 108:Core/Src/stm32f4xx_it.c **** 
 109:Core/Src/stm32f4xx_it.c **** /**
 110:Core/Src/stm32f4xx_it.c ****   * @brief This function handles Memory management fault.
 111:Core/Src/stm32f4xx_it.c ****   */
 112:Core/Src/stm32f4xx_it.c **** void MemManage_Handler(void)
 113:Core/Src/stm32f4xx_it.c **** {
  75              		.loc 1 113 1 view -0
  76              		.cfi_startproc
  77              		@ Volatile: function does not return.
  78              		@ args = 0, pretend = 0, frame = 0
  79              		@ frame_needed = 0, uses_anonymous_args = 0
  80              		@ link register save eliminated.
  81              	.L6:
 114:Core/Src/stm32f4xx_it.c ****   /* USER CODE BEGIN MemoryManagement_IRQn 0 */
 115:Core/Src/stm32f4xx_it.c **** 
 116:Core/Src/stm32f4xx_it.c ****   /* USER CODE END MemoryManagement_IRQn 0 */
 117:Core/Src/stm32f4xx_it.c ****   while (1)
  82              		.loc 1 117 3 view .LVU9
 118:Core/Src/stm32f4xx_it.c ****   {
 119:Core/Src/stm32f4xx_it.c ****     /* USER CODE BEGIN W1_MemoryManagement_IRQn 0 */
 120:Core/Src/stm32f4xx_it.c ****     /* USER CODE END W1_MemoryManagement_IRQn 0 */
 121:Core/Src/stm32f4xx_it.c ****   }
  83              		.loc 1 121 3 view .LVU10
 117:Core/Src/stm32f4xx_it.c ****   {
  84              		.loc 1 117 9 view .LVU11
  85 0000 FEE7     		b	.L6
  86              		.cfi_endproc
  87              	.LFE241:
  89              		.section	.text.BusFault_Handler,"ax",%progbits
  90              		.align	1
  91              		.global	BusFault_Handler
  92              		.syntax unified
  93              		.thumb
  94              		.thumb_func
  96              	BusFault_Handler:
  97              	.LFB242:
 122:Core/Src/stm32f4xx_it.c **** }
 123:Core/Src/stm32f4xx_it.c **** 
 124:Core/Src/stm32f4xx_it.c **** /**
 125:Core/Src/stm32f4xx_it.c ****   * @brief This function handles Pre-fetch fault, memory access fault.
 126:Core/Src/stm32f4xx_it.c ****   */
 127:Core/Src/stm32f4xx_it.c **** void BusFault_Handler(void)
 128:Core/Src/stm32f4xx_it.c **** {
  98              		.loc 1 128 1 view -0
  99              		.cfi_startproc
 100              		@ Volatile: function does not return.
 101              		@ args = 0, pretend = 0, frame = 0
 102              		@ frame_needed = 0, uses_anonymous_args = 0
 103              		@ link register save eliminated.
 104              	.L8:
ARM GAS  /tmp/cc7H3mbf.s 			page 5


 129:Core/Src/stm32f4xx_it.c ****   /* USER CODE BEGIN BusFault_IRQn 0 */
 130:Core/Src/stm32f4xx_it.c **** 
 131:Core/Src/stm32f4xx_it.c ****   /* USER CODE END BusFault_IRQn 0 */
 132:Core/Src/stm32f4xx_it.c ****   while (1)
 105              		.loc 1 132 3 view .LVU13
 133:Core/Src/stm32f4xx_it.c ****   {
 134:Core/Src/stm32f4xx_it.c ****     /* USER CODE BEGIN W1_BusFault_IRQn 0 */
 135:Core/Src/stm32f4xx_it.c ****     /* USER CODE END W1_BusFault_IRQn 0 */
 136:Core/Src/stm32f4xx_it.c ****   }
 106              		.loc 1 136 3 view .LVU14
 132:Core/Src/stm32f4xx_it.c ****   {
 107              		.loc 1 132 9 view .LVU15
 108 0000 FEE7     		b	.L8
 109              		.cfi_endproc
 110              	.LFE242:
 112              		.section	.text.UsageFault_Handler,"ax",%progbits
 113              		.align	1
 114              		.global	UsageFault_Handler
 115              		.syntax unified
 116              		.thumb
 117              		.thumb_func
 119              	UsageFault_Handler:
 120              	.LFB243:
 137:Core/Src/stm32f4xx_it.c **** }
 138:Core/Src/stm32f4xx_it.c **** 
 139:Core/Src/stm32f4xx_it.c **** /**
 140:Core/Src/stm32f4xx_it.c ****   * @brief This function handles Undefined instruction or illegal state.
 141:Core/Src/stm32f4xx_it.c ****   */
 142:Core/Src/stm32f4xx_it.c **** void UsageFault_Handler(void)
 143:Core/Src/stm32f4xx_it.c **** {
 121              		.loc 1 143 1 view -0
 122              		.cfi_startproc
 123              		@ Volatile: function does not return.
 124              		@ args = 0, pretend = 0, frame = 0
 125              		@ frame_needed = 0, uses_anonymous_args = 0
 126              		@ link register save eliminated.
 127              	.L10:
 144:Core/Src/stm32f4xx_it.c ****   /* USER CODE BEGIN UsageFault_IRQn 0 */
 145:Core/Src/stm32f4xx_it.c **** 
 146:Core/Src/stm32f4xx_it.c ****   /* USER CODE END UsageFault_IRQn 0 */
 147:Core/Src/stm32f4xx_it.c ****   while (1)
 128              		.loc 1 147 3 view .LVU17
 148:Core/Src/stm32f4xx_it.c ****   {
 149:Core/Src/stm32f4xx_it.c ****     /* USER CODE BEGIN W1_UsageFault_IRQn 0 */
 150:Core/Src/stm32f4xx_it.c ****     /* USER CODE END W1_UsageFault_IRQn 0 */
 151:Core/Src/stm32f4xx_it.c ****   }
 129              		.loc 1 151 3 view .LVU18
 147:Core/Src/stm32f4xx_it.c ****   {
 130              		.loc 1 147 9 view .LVU19
 131 0000 FEE7     		b	.L10
 132              		.cfi_endproc
 133              	.LFE243:
 135              		.section	.text.DebugMon_Handler,"ax",%progbits
 136              		.align	1
 137              		.global	DebugMon_Handler
 138              		.syntax unified
 139              		.thumb
ARM GAS  /tmp/cc7H3mbf.s 			page 6


 140              		.thumb_func
 142              	DebugMon_Handler:
 143              	.LFB244:
 152:Core/Src/stm32f4xx_it.c **** }
 153:Core/Src/stm32f4xx_it.c **** 
 154:Core/Src/stm32f4xx_it.c **** /**
 155:Core/Src/stm32f4xx_it.c ****   * @brief This function handles Debug monitor.
 156:Core/Src/stm32f4xx_it.c ****   */
 157:Core/Src/stm32f4xx_it.c **** void DebugMon_Handler(void)
 158:Core/Src/stm32f4xx_it.c **** {
 144              		.loc 1 158 1 view -0
 145              		.cfi_startproc
 146              		@ args = 0, pretend = 0, frame = 0
 147              		@ frame_needed = 0, uses_anonymous_args = 0
 148              		@ link register save eliminated.
 159:Core/Src/stm32f4xx_it.c ****   /* USER CODE BEGIN DebugMonitor_IRQn 0 */
 160:Core/Src/stm32f4xx_it.c **** 
 161:Core/Src/stm32f4xx_it.c ****   /* USER CODE END DebugMonitor_IRQn 0 */
 162:Core/Src/stm32f4xx_it.c ****   /* USER CODE BEGIN DebugMonitor_IRQn 1 */
 163:Core/Src/stm32f4xx_it.c **** 
 164:Core/Src/stm32f4xx_it.c ****   /* USER CODE END DebugMonitor_IRQn 1 */
 165:Core/Src/stm32f4xx_it.c **** }
 149              		.loc 1 165 1 view .LVU21
 150 0000 7047     		bx	lr
 151              		.cfi_endproc
 152              	.LFE244:
 154              		.section	.text.RCC_IRQHandler,"ax",%progbits
 155              		.align	1
 156              		.global	RCC_IRQHandler
 157              		.syntax unified
 158              		.thumb
 159              		.thumb_func
 161              	RCC_IRQHandler:
 162              	.LFB245:
 166:Core/Src/stm32f4xx_it.c **** 
 167:Core/Src/stm32f4xx_it.c **** /******************************************************************************/
 168:Core/Src/stm32f4xx_it.c **** /* STM32F4xx Peripheral Interrupt Handlers                                    */
 169:Core/Src/stm32f4xx_it.c **** /* Add here the Interrupt Handlers for the used peripherals.                  */
 170:Core/Src/stm32f4xx_it.c **** /* For the available peripheral interrupt handler names,                      */
 171:Core/Src/stm32f4xx_it.c **** /* please refer to the startup file (startup_stm32f4xx.s).                    */
 172:Core/Src/stm32f4xx_it.c **** /******************************************************************************/
 173:Core/Src/stm32f4xx_it.c **** 
 174:Core/Src/stm32f4xx_it.c **** /**
 175:Core/Src/stm32f4xx_it.c ****   * @brief This function handles RCC global interrupt.
 176:Core/Src/stm32f4xx_it.c ****   */
 177:Core/Src/stm32f4xx_it.c **** void RCC_IRQHandler(void)
 178:Core/Src/stm32f4xx_it.c **** {
 163              		.loc 1 178 1 view -0
 164              		.cfi_startproc
 165              		@ args = 0, pretend = 0, frame = 0
 166              		@ frame_needed = 0, uses_anonymous_args = 0
 167              		@ link register save eliminated.
 179:Core/Src/stm32f4xx_it.c ****   /* USER CODE BEGIN RCC_IRQn 0 */
 180:Core/Src/stm32f4xx_it.c **** 
 181:Core/Src/stm32f4xx_it.c ****   /* USER CODE END RCC_IRQn 0 */
 182:Core/Src/stm32f4xx_it.c ****   /* USER CODE BEGIN RCC_IRQn 1 */
 183:Core/Src/stm32f4xx_it.c **** 
ARM GAS  /tmp/cc7H3mbf.s 			page 7


 184:Core/Src/stm32f4xx_it.c ****   /* USER CODE END RCC_IRQn 1 */
 185:Core/Src/stm32f4xx_it.c **** }
 168              		.loc 1 185 1 view .LVU23
 169 0000 7047     		bx	lr
 170              		.cfi_endproc
 171              	.LFE245:
 173              		.section	.text.DMA1_Stream1_IRQHandler,"ax",%progbits
 174              		.align	1
 175              		.global	DMA1_Stream1_IRQHandler
 176              		.syntax unified
 177              		.thumb
 178              		.thumb_func
 180              	DMA1_Stream1_IRQHandler:
 181              	.LFB246:
 186:Core/Src/stm32f4xx_it.c **** 
 187:Core/Src/stm32f4xx_it.c **** /**
 188:Core/Src/stm32f4xx_it.c ****   * @brief This function handles DMA1 stream1 global interrupt.
 189:Core/Src/stm32f4xx_it.c ****   */
 190:Core/Src/stm32f4xx_it.c **** void DMA1_Stream1_IRQHandler(void)
 191:Core/Src/stm32f4xx_it.c **** {
 182              		.loc 1 191 1 view -0
 183              		.cfi_startproc
 184              		@ args = 0, pretend = 0, frame = 0
 185              		@ frame_needed = 0, uses_anonymous_args = 0
 186 0000 08B5     		push	{r3, lr}
 187              	.LCFI0:
 188              		.cfi_def_cfa_offset 8
 189              		.cfi_offset 3, -8
 190              		.cfi_offset 14, -4
 192:Core/Src/stm32f4xx_it.c ****   /* USER CODE BEGIN DMA1_Stream1_IRQn 0 */
 193:Core/Src/stm32f4xx_it.c **** 
 194:Core/Src/stm32f4xx_it.c ****   /* USER CODE END DMA1_Stream1_IRQn 0 */
 195:Core/Src/stm32f4xx_it.c ****   HAL_DMA_IRQHandler(&hdma_usart3_rx);
 191              		.loc 1 195 3 view .LVU25
 192 0002 0248     		ldr	r0, .L15
 193 0004 FFF7FEFF 		bl	HAL_DMA_IRQHandler
 194              	.LVL0:
 196:Core/Src/stm32f4xx_it.c ****   /* USER CODE BEGIN DMA1_Stream1_IRQn 1 */
 197:Core/Src/stm32f4xx_it.c **** 
 198:Core/Src/stm32f4xx_it.c ****   /* USER CODE END DMA1_Stream1_IRQn 1 */
 199:Core/Src/stm32f4xx_it.c **** }
 195              		.loc 1 199 1 is_stmt 0 view .LVU26
 196 0008 08BD     		pop	{r3, pc}
 197              	.L16:
 198 000a 00BF     		.align	2
 199              	.L15:
 200 000c 00000000 		.word	hdma_usart3_rx
 201              		.cfi_endproc
 202              	.LFE246:
 204              		.section	.text.DMA1_Stream3_IRQHandler,"ax",%progbits
 205              		.align	1
 206              		.global	DMA1_Stream3_IRQHandler
 207              		.syntax unified
 208              		.thumb
 209              		.thumb_func
 211              	DMA1_Stream3_IRQHandler:
 212              	.LFB247:
ARM GAS  /tmp/cc7H3mbf.s 			page 8


 200:Core/Src/stm32f4xx_it.c **** 
 201:Core/Src/stm32f4xx_it.c **** /**
 202:Core/Src/stm32f4xx_it.c ****   * @brief This function handles DMA1 stream3 global interrupt.
 203:Core/Src/stm32f4xx_it.c ****   */
 204:Core/Src/stm32f4xx_it.c **** void DMA1_Stream3_IRQHandler(void)
 205:Core/Src/stm32f4xx_it.c **** {
 213              		.loc 1 205 1 is_stmt 1 view -0
 214              		.cfi_startproc
 215              		@ args = 0, pretend = 0, frame = 0
 216              		@ frame_needed = 0, uses_anonymous_args = 0
 217 0000 08B5     		push	{r3, lr}
 218              	.LCFI1:
 219              		.cfi_def_cfa_offset 8
 220              		.cfi_offset 3, -8
 221              		.cfi_offset 14, -4
 206:Core/Src/stm32f4xx_it.c ****   /* USER CODE BEGIN DMA1_Stream3_IRQn 0 */
 207:Core/Src/stm32f4xx_it.c **** 
 208:Core/Src/stm32f4xx_it.c ****   /* USER CODE END DMA1_Stream3_IRQn 0 */
 209:Core/Src/stm32f4xx_it.c ****   HAL_DMA_IRQHandler(&hdma_usart3_tx);
 222              		.loc 1 209 3 view .LVU28
 223 0002 0248     		ldr	r0, .L19
 224 0004 FFF7FEFF 		bl	HAL_DMA_IRQHandler
 225              	.LVL1:
 210:Core/Src/stm32f4xx_it.c ****   /* USER CODE BEGIN DMA1_Stream3_IRQn 1 */
 211:Core/Src/stm32f4xx_it.c **** 
 212:Core/Src/stm32f4xx_it.c ****   /* USER CODE END DMA1_Stream3_IRQn 1 */
 213:Core/Src/stm32f4xx_it.c **** }
 226              		.loc 1 213 1 is_stmt 0 view .LVU29
 227 0008 08BD     		pop	{r3, pc}
 228              	.L20:
 229 000a 00BF     		.align	2
 230              	.L19:
 231 000c 00000000 		.word	hdma_usart3_tx
 232              		.cfi_endproc
 233              	.LFE247:
 235              		.section	.text.TIM2_IRQHandler,"ax",%progbits
 236              		.align	1
 237              		.global	TIM2_IRQHandler
 238              		.syntax unified
 239              		.thumb
 240              		.thumb_func
 242              	TIM2_IRQHandler:
 243              	.LFB248:
 214:Core/Src/stm32f4xx_it.c **** 
 215:Core/Src/stm32f4xx_it.c **** /**
 216:Core/Src/stm32f4xx_it.c ****   * @brief This function handles TIM2 global interrupt.
 217:Core/Src/stm32f4xx_it.c ****   */
 218:Core/Src/stm32f4xx_it.c **** void TIM2_IRQHandler(void)
 219:Core/Src/stm32f4xx_it.c **** {
 244              		.loc 1 219 1 is_stmt 1 view -0
 245              		.cfi_startproc
 246              		@ args = 0, pretend = 0, frame = 0
 247              		@ frame_needed = 0, uses_anonymous_args = 0
 248 0000 08B5     		push	{r3, lr}
 249              	.LCFI2:
 250              		.cfi_def_cfa_offset 8
 251              		.cfi_offset 3, -8
ARM GAS  /tmp/cc7H3mbf.s 			page 9


 252              		.cfi_offset 14, -4
 220:Core/Src/stm32f4xx_it.c ****   /* USER CODE BEGIN TIM2_IRQn 0 */
 221:Core/Src/stm32f4xx_it.c **** 
 222:Core/Src/stm32f4xx_it.c ****   /* USER CODE END TIM2_IRQn 0 */
 223:Core/Src/stm32f4xx_it.c ****   HAL_TIM_IRQHandler(&htim2);
 253              		.loc 1 223 3 view .LVU31
 254 0002 0248     		ldr	r0, .L23
 255 0004 FFF7FEFF 		bl	HAL_TIM_IRQHandler
 256              	.LVL2:
 224:Core/Src/stm32f4xx_it.c ****   /* USER CODE BEGIN TIM2_IRQn 1 */
 225:Core/Src/stm32f4xx_it.c **** 
 226:Core/Src/stm32f4xx_it.c ****   /* USER CODE END TIM2_IRQn 1 */
 227:Core/Src/stm32f4xx_it.c **** }
 257              		.loc 1 227 1 is_stmt 0 view .LVU32
 258 0008 08BD     		pop	{r3, pc}
 259              	.L24:
 260 000a 00BF     		.align	2
 261              	.L23:
 262 000c 00000000 		.word	htim2
 263              		.cfi_endproc
 264              	.LFE248:
 266              		.section	.text.TIM3_IRQHandler,"ax",%progbits
 267              		.align	1
 268              		.global	TIM3_IRQHandler
 269              		.syntax unified
 270              		.thumb
 271              		.thumb_func
 273              	TIM3_IRQHandler:
 274              	.LFB249:
 228:Core/Src/stm32f4xx_it.c **** 
 229:Core/Src/stm32f4xx_it.c **** /**
 230:Core/Src/stm32f4xx_it.c ****   * @brief This function handles TIM3 global interrupt.
 231:Core/Src/stm32f4xx_it.c ****   */
 232:Core/Src/stm32f4xx_it.c **** void TIM3_IRQHandler(void)
 233:Core/Src/stm32f4xx_it.c **** {
 275              		.loc 1 233 1 is_stmt 1 view -0
 276              		.cfi_startproc
 277              		@ args = 0, pretend = 0, frame = 0
 278              		@ frame_needed = 0, uses_anonymous_args = 0
 279 0000 08B5     		push	{r3, lr}
 280              	.LCFI3:
 281              		.cfi_def_cfa_offset 8
 282              		.cfi_offset 3, -8
 283              		.cfi_offset 14, -4
 234:Core/Src/stm32f4xx_it.c ****   /* USER CODE BEGIN TIM3_IRQn 0 */
 235:Core/Src/stm32f4xx_it.c **** 
 236:Core/Src/stm32f4xx_it.c ****   /* USER CODE END TIM3_IRQn 0 */
 237:Core/Src/stm32f4xx_it.c ****   HAL_TIM_IRQHandler(&htim3);
 284              		.loc 1 237 3 view .LVU34
 285 0002 0248     		ldr	r0, .L27
 286 0004 FFF7FEFF 		bl	HAL_TIM_IRQHandler
 287              	.LVL3:
 238:Core/Src/stm32f4xx_it.c ****   /* USER CODE BEGIN TIM3_IRQn 1 */
 239:Core/Src/stm32f4xx_it.c **** 
 240:Core/Src/stm32f4xx_it.c ****   /* USER CODE END TIM3_IRQn 1 */
 241:Core/Src/stm32f4xx_it.c **** }
 288              		.loc 1 241 1 is_stmt 0 view .LVU35
ARM GAS  /tmp/cc7H3mbf.s 			page 10


 289 0008 08BD     		pop	{r3, pc}
 290              	.L28:
 291 000a 00BF     		.align	2
 292              	.L27:
 293 000c 00000000 		.word	htim3
 294              		.cfi_endproc
 295              	.LFE249:
 297              		.section	.text.TIM4_IRQHandler,"ax",%progbits
 298              		.align	1
 299              		.global	TIM4_IRQHandler
 300              		.syntax unified
 301              		.thumb
 302              		.thumb_func
 304              	TIM4_IRQHandler:
 305              	.LFB250:
 242:Core/Src/stm32f4xx_it.c **** 
 243:Core/Src/stm32f4xx_it.c **** /**
 244:Core/Src/stm32f4xx_it.c ****   * @brief This function handles TIM4 global interrupt.
 245:Core/Src/stm32f4xx_it.c ****   */
 246:Core/Src/stm32f4xx_it.c **** void TIM4_IRQHandler(void)
 247:Core/Src/stm32f4xx_it.c **** {
 306              		.loc 1 247 1 is_stmt 1 view -0
 307              		.cfi_startproc
 308              		@ args = 0, pretend = 0, frame = 0
 309              		@ frame_needed = 0, uses_anonymous_args = 0
 310 0000 08B5     		push	{r3, lr}
 311              	.LCFI4:
 312              		.cfi_def_cfa_offset 8
 313              		.cfi_offset 3, -8
 314              		.cfi_offset 14, -4
 248:Core/Src/stm32f4xx_it.c ****   /* USER CODE BEGIN TIM4_IRQn 0 */
 249:Core/Src/stm32f4xx_it.c **** 
 250:Core/Src/stm32f4xx_it.c ****   /* USER CODE END TIM4_IRQn 0 */
 251:Core/Src/stm32f4xx_it.c ****   HAL_TIM_IRQHandler(&htim4);
 315              		.loc 1 251 3 view .LVU37
 316 0002 0248     		ldr	r0, .L31
 317 0004 FFF7FEFF 		bl	HAL_TIM_IRQHandler
 318              	.LVL4:
 252:Core/Src/stm32f4xx_it.c ****   /* USER CODE BEGIN TIM4_IRQn 1 */
 253:Core/Src/stm32f4xx_it.c **** 
 254:Core/Src/stm32f4xx_it.c ****   /* USER CODE END TIM4_IRQn 1 */
 255:Core/Src/stm32f4xx_it.c **** }
 319              		.loc 1 255 1 is_stmt 0 view .LVU38
 320 0008 08BD     		pop	{r3, pc}
 321              	.L32:
 322 000a 00BF     		.align	2
 323              	.L31:
 324 000c 00000000 		.word	htim4
 325              		.cfi_endproc
 326              	.LFE250:
 328              		.section	.text.I2C1_EV_IRQHandler,"ax",%progbits
 329              		.align	1
 330              		.global	I2C1_EV_IRQHandler
 331              		.syntax unified
 332              		.thumb
 333              		.thumb_func
 335              	I2C1_EV_IRQHandler:
ARM GAS  /tmp/cc7H3mbf.s 			page 11


 336              	.LFB251:
 256:Core/Src/stm32f4xx_it.c **** 
 257:Core/Src/stm32f4xx_it.c **** /**
 258:Core/Src/stm32f4xx_it.c ****   * @brief This function handles I2C1 event interrupt.
 259:Core/Src/stm32f4xx_it.c ****   */
 260:Core/Src/stm32f4xx_it.c **** void I2C1_EV_IRQHandler(void)
 261:Core/Src/stm32f4xx_it.c **** {
 337              		.loc 1 261 1 is_stmt 1 view -0
 338              		.cfi_startproc
 339              		@ args = 0, pretend = 0, frame = 0
 340              		@ frame_needed = 0, uses_anonymous_args = 0
 341 0000 08B5     		push	{r3, lr}
 342              	.LCFI5:
 343              		.cfi_def_cfa_offset 8
 344              		.cfi_offset 3, -8
 345              		.cfi_offset 14, -4
 262:Core/Src/stm32f4xx_it.c ****   /* USER CODE BEGIN I2C1_EV_IRQn 0 */
 263:Core/Src/stm32f4xx_it.c **** 
 264:Core/Src/stm32f4xx_it.c ****   /* USER CODE END I2C1_EV_IRQn 0 */
 265:Core/Src/stm32f4xx_it.c ****   HAL_I2C_EV_IRQHandler(&hi2c1);
 346              		.loc 1 265 3 view .LVU40
 347 0002 0248     		ldr	r0, .L35
 348 0004 FFF7FEFF 		bl	HAL_I2C_EV_IRQHandler
 349              	.LVL5:
 266:Core/Src/stm32f4xx_it.c ****   /* USER CODE BEGIN I2C1_EV_IRQn 1 */
 267:Core/Src/stm32f4xx_it.c **** 
 268:Core/Src/stm32f4xx_it.c ****   /* USER CODE END I2C1_EV_IRQn 1 */
 269:Core/Src/stm32f4xx_it.c **** }
 350              		.loc 1 269 1 is_stmt 0 view .LVU41
 351 0008 08BD     		pop	{r3, pc}
 352              	.L36:
 353 000a 00BF     		.align	2
 354              	.L35:
 355 000c 00000000 		.word	hi2c1
 356              		.cfi_endproc
 357              	.LFE251:
 359              		.section	.text.I2C1_ER_IRQHandler,"ax",%progbits
 360              		.align	1
 361              		.global	I2C1_ER_IRQHandler
 362              		.syntax unified
 363              		.thumb
 364              		.thumb_func
 366              	I2C1_ER_IRQHandler:
 367              	.LFB252:
 270:Core/Src/stm32f4xx_it.c **** 
 271:Core/Src/stm32f4xx_it.c **** /**
 272:Core/Src/stm32f4xx_it.c ****   * @brief This function handles I2C1 error interrupt.
 273:Core/Src/stm32f4xx_it.c ****   */
 274:Core/Src/stm32f4xx_it.c **** void I2C1_ER_IRQHandler(void)
 275:Core/Src/stm32f4xx_it.c **** {
 368              		.loc 1 275 1 is_stmt 1 view -0
 369              		.cfi_startproc
 370              		@ args = 0, pretend = 0, frame = 0
 371              		@ frame_needed = 0, uses_anonymous_args = 0
 372 0000 08B5     		push	{r3, lr}
 373              	.LCFI6:
 374              		.cfi_def_cfa_offset 8
ARM GAS  /tmp/cc7H3mbf.s 			page 12


 375              		.cfi_offset 3, -8
 376              		.cfi_offset 14, -4
 276:Core/Src/stm32f4xx_it.c ****   /* USER CODE BEGIN I2C1_ER_IRQn 0 */
 277:Core/Src/stm32f4xx_it.c **** 
 278:Core/Src/stm32f4xx_it.c ****   /* USER CODE END I2C1_ER_IRQn 0 */
 279:Core/Src/stm32f4xx_it.c ****   HAL_I2C_ER_IRQHandler(&hi2c1);
 377              		.loc 1 279 3 view .LVU43
 378 0002 0248     		ldr	r0, .L39
 379 0004 FFF7FEFF 		bl	HAL_I2C_ER_IRQHandler
 380              	.LVL6:
 280:Core/Src/stm32f4xx_it.c ****   /* USER CODE BEGIN I2C1_ER_IRQn 1 */
 281:Core/Src/stm32f4xx_it.c **** 
 282:Core/Src/stm32f4xx_it.c ****   /* USER CODE END I2C1_ER_IRQn 1 */
 283:Core/Src/stm32f4xx_it.c **** }
 381              		.loc 1 283 1 is_stmt 0 view .LVU44
 382 0008 08BD     		pop	{r3, pc}
 383              	.L40:
 384 000a 00BF     		.align	2
 385              	.L39:
 386 000c 00000000 		.word	hi2c1
 387              		.cfi_endproc
 388              	.LFE252:
 390              		.section	.text.USART1_IRQHandler,"ax",%progbits
 391              		.align	1
 392              		.global	USART1_IRQHandler
 393              		.syntax unified
 394              		.thumb
 395              		.thumb_func
 397              	USART1_IRQHandler:
 398              	.LFB253:
 284:Core/Src/stm32f4xx_it.c **** 
 285:Core/Src/stm32f4xx_it.c **** /**
 286:Core/Src/stm32f4xx_it.c ****   * @brief This function handles USART1 global interrupt.
 287:Core/Src/stm32f4xx_it.c ****   */
 288:Core/Src/stm32f4xx_it.c **** void USART1_IRQHandler(void)
 289:Core/Src/stm32f4xx_it.c **** {
 399              		.loc 1 289 1 is_stmt 1 view -0
 400              		.cfi_startproc
 401              		@ args = 0, pretend = 0, frame = 0
 402              		@ frame_needed = 0, uses_anonymous_args = 0
 403 0000 08B5     		push	{r3, lr}
 404              	.LCFI7:
 405              		.cfi_def_cfa_offset 8
 406              		.cfi_offset 3, -8
 407              		.cfi_offset 14, -4
 290:Core/Src/stm32f4xx_it.c ****   /* USER CODE BEGIN USART1_IRQn 0 */
 291:Core/Src/stm32f4xx_it.c **** 
 292:Core/Src/stm32f4xx_it.c ****   /* USER CODE END USART1_IRQn 0 */
 293:Core/Src/stm32f4xx_it.c ****   HAL_UART_IRQHandler(&huart1);
 408              		.loc 1 293 3 view .LVU46
 409 0002 0248     		ldr	r0, .L43
 410 0004 FFF7FEFF 		bl	HAL_UART_IRQHandler
 411              	.LVL7:
 294:Core/Src/stm32f4xx_it.c ****   /* USER CODE BEGIN USART1_IRQn 1 */
 295:Core/Src/stm32f4xx_it.c **** 
 296:Core/Src/stm32f4xx_it.c ****   /* USER CODE END USART1_IRQn 1 */
 297:Core/Src/stm32f4xx_it.c **** }
ARM GAS  /tmp/cc7H3mbf.s 			page 13


 412              		.loc 1 297 1 is_stmt 0 view .LVU47
 413 0008 08BD     		pop	{r3, pc}
 414              	.L44:
 415 000a 00BF     		.align	2
 416              	.L43:
 417 000c 00000000 		.word	huart1
 418              		.cfi_endproc
 419              	.LFE253:
 421              		.section	.text.USART2_IRQHandler,"ax",%progbits
 422              		.align	1
 423              		.global	USART2_IRQHandler
 424              		.syntax unified
 425              		.thumb
 426              		.thumb_func
 428              	USART2_IRQHandler:
 429              	.LFB254:
 298:Core/Src/stm32f4xx_it.c **** 
 299:Core/Src/stm32f4xx_it.c **** /**
 300:Core/Src/stm32f4xx_it.c ****   * @brief This function handles USART2 global interrupt.
 301:Core/Src/stm32f4xx_it.c ****   */
 302:Core/Src/stm32f4xx_it.c **** void USART2_IRQHandler(void)
 303:Core/Src/stm32f4xx_it.c **** {
 430              		.loc 1 303 1 is_stmt 1 view -0
 431              		.cfi_startproc
 432              		@ args = 0, pretend = 0, frame = 0
 433              		@ frame_needed = 0, uses_anonymous_args = 0
 434 0000 08B5     		push	{r3, lr}
 435              	.LCFI8:
 436              		.cfi_def_cfa_offset 8
 437              		.cfi_offset 3, -8
 438              		.cfi_offset 14, -4
 304:Core/Src/stm32f4xx_it.c ****   /* USER CODE BEGIN USART2_IRQn 0 */
 305:Core/Src/stm32f4xx_it.c **** 
 306:Core/Src/stm32f4xx_it.c ****   /* USER CODE END USART2_IRQn 0 */
 307:Core/Src/stm32f4xx_it.c ****   HAL_UART_IRQHandler(&huart2);
 439              		.loc 1 307 3 view .LVU49
 440 0002 0248     		ldr	r0, .L47
 441 0004 FFF7FEFF 		bl	HAL_UART_IRQHandler
 442              	.LVL8:
 308:Core/Src/stm32f4xx_it.c ****   /* USER CODE BEGIN USART2_IRQn 1 */
 309:Core/Src/stm32f4xx_it.c **** 
 310:Core/Src/stm32f4xx_it.c ****   /* USER CODE END USART2_IRQn 1 */
 311:Core/Src/stm32f4xx_it.c **** }
 443              		.loc 1 311 1 is_stmt 0 view .LVU50
 444 0008 08BD     		pop	{r3, pc}
 445              	.L48:
 446 000a 00BF     		.align	2
 447              	.L47:
 448 000c 00000000 		.word	huart2
 449              		.cfi_endproc
 450              	.LFE254:
 452              		.section	.text.USART3_IRQHandler,"ax",%progbits
 453              		.align	1
 454              		.global	USART3_IRQHandler
 455              		.syntax unified
 456              		.thumb
 457              		.thumb_func
ARM GAS  /tmp/cc7H3mbf.s 			page 14


 459              	USART3_IRQHandler:
 460              	.LFB255:
 312:Core/Src/stm32f4xx_it.c **** 
 313:Core/Src/stm32f4xx_it.c **** /**
 314:Core/Src/stm32f4xx_it.c ****   * @brief This function handles USART3 global interrupt.
 315:Core/Src/stm32f4xx_it.c ****   */
 316:Core/Src/stm32f4xx_it.c **** void USART3_IRQHandler(void)
 317:Core/Src/stm32f4xx_it.c **** {
 461              		.loc 1 317 1 is_stmt 1 view -0
 462              		.cfi_startproc
 463              		@ args = 0, pretend = 0, frame = 0
 464              		@ frame_needed = 0, uses_anonymous_args = 0
 465 0000 08B5     		push	{r3, lr}
 466              	.LCFI9:
 467              		.cfi_def_cfa_offset 8
 468              		.cfi_offset 3, -8
 469              		.cfi_offset 14, -4
 318:Core/Src/stm32f4xx_it.c ****   /* USER CODE BEGIN USART3_IRQn 0 */
 319:Core/Src/stm32f4xx_it.c **** 
 320:Core/Src/stm32f4xx_it.c ****   /* USER CODE END USART3_IRQn 0 */
 321:Core/Src/stm32f4xx_it.c ****   HAL_UART_IRQHandler(&huart3);
 470              		.loc 1 321 3 view .LVU52
 471 0002 0248     		ldr	r0, .L51
 472 0004 FFF7FEFF 		bl	HAL_UART_IRQHandler
 473              	.LVL9:
 322:Core/Src/stm32f4xx_it.c ****   /* USER CODE BEGIN USART3_IRQn 1 */
 323:Core/Src/stm32f4xx_it.c **** 
 324:Core/Src/stm32f4xx_it.c ****   /* USER CODE END USART3_IRQn 1 */
 325:Core/Src/stm32f4xx_it.c **** }
 474              		.loc 1 325 1 is_stmt 0 view .LVU53
 475 0008 08BD     		pop	{r3, pc}
 476              	.L52:
 477 000a 00BF     		.align	2
 478              	.L51:
 479 000c 00000000 		.word	huart3
 480              		.cfi_endproc
 481              	.LFE255:
 483              		.section	.text.TIM8_UP_TIM13_IRQHandler,"ax",%progbits
 484              		.align	1
 485              		.global	TIM8_UP_TIM13_IRQHandler
 486              		.syntax unified
 487              		.thumb
 488              		.thumb_func
 490              	TIM8_UP_TIM13_IRQHandler:
 491              	.LFB256:
 326:Core/Src/stm32f4xx_it.c **** 
 327:Core/Src/stm32f4xx_it.c **** /**
 328:Core/Src/stm32f4xx_it.c ****   * @brief This function handles TIM8 update interrupt and TIM13 global interrupt.
 329:Core/Src/stm32f4xx_it.c ****   */
 330:Core/Src/stm32f4xx_it.c **** void TIM8_UP_TIM13_IRQHandler(void)
 331:Core/Src/stm32f4xx_it.c **** {
 492              		.loc 1 331 1 is_stmt 1 view -0
 493              		.cfi_startproc
 494              		@ args = 0, pretend = 0, frame = 0
 495              		@ frame_needed = 0, uses_anonymous_args = 0
 496 0000 08B5     		push	{r3, lr}
 497              	.LCFI10:
ARM GAS  /tmp/cc7H3mbf.s 			page 15


 498              		.cfi_def_cfa_offset 8
 499              		.cfi_offset 3, -8
 500              		.cfi_offset 14, -4
 332:Core/Src/stm32f4xx_it.c ****   /* USER CODE BEGIN TIM8_UP_TIM13_IRQn 0 */
 333:Core/Src/stm32f4xx_it.c **** 
 334:Core/Src/stm32f4xx_it.c ****   /* USER CODE END TIM8_UP_TIM13_IRQn 0 */
 335:Core/Src/stm32f4xx_it.c ****   HAL_TIM_IRQHandler(&htim8);
 501              		.loc 1 335 3 view .LVU55
 502 0002 0248     		ldr	r0, .L55
 503 0004 FFF7FEFF 		bl	HAL_TIM_IRQHandler
 504              	.LVL10:
 336:Core/Src/stm32f4xx_it.c ****   /* USER CODE BEGIN TIM8_UP_TIM13_IRQn 1 */
 337:Core/Src/stm32f4xx_it.c **** 
 338:Core/Src/stm32f4xx_it.c ****   /* USER CODE END TIM8_UP_TIM13_IRQn 1 */
 339:Core/Src/stm32f4xx_it.c **** }
 505              		.loc 1 339 1 is_stmt 0 view .LVU56
 506 0008 08BD     		pop	{r3, pc}
 507              	.L56:
 508 000a 00BF     		.align	2
 509              	.L55:
 510 000c 00000000 		.word	htim8
 511              		.cfi_endproc
 512              	.LFE256:
 514              		.section	.text.TIM5_IRQHandler,"ax",%progbits
 515              		.align	1
 516              		.global	TIM5_IRQHandler
 517              		.syntax unified
 518              		.thumb
 519              		.thumb_func
 521              	TIM5_IRQHandler:
 522              	.LFB257:
 340:Core/Src/stm32f4xx_it.c **** 
 341:Core/Src/stm32f4xx_it.c **** /**
 342:Core/Src/stm32f4xx_it.c ****   * @brief This function handles TIM5 global interrupt.
 343:Core/Src/stm32f4xx_it.c ****   */
 344:Core/Src/stm32f4xx_it.c **** void TIM5_IRQHandler(void)
 345:Core/Src/stm32f4xx_it.c **** {
 523              		.loc 1 345 1 is_stmt 1 view -0
 524              		.cfi_startproc
 525              		@ args = 0, pretend = 0, frame = 0
 526              		@ frame_needed = 0, uses_anonymous_args = 0
 527 0000 08B5     		push	{r3, lr}
 528              	.LCFI11:
 529              		.cfi_def_cfa_offset 8
 530              		.cfi_offset 3, -8
 531              		.cfi_offset 14, -4
 346:Core/Src/stm32f4xx_it.c ****   /* USER CODE BEGIN TIM5_IRQn 0 */
 347:Core/Src/stm32f4xx_it.c **** 
 348:Core/Src/stm32f4xx_it.c ****   /* USER CODE END TIM5_IRQn 0 */
 349:Core/Src/stm32f4xx_it.c ****   HAL_TIM_IRQHandler(&htim5);
 532              		.loc 1 349 3 view .LVU58
 533 0002 0248     		ldr	r0, .L59
 534 0004 FFF7FEFF 		bl	HAL_TIM_IRQHandler
 535              	.LVL11:
 350:Core/Src/stm32f4xx_it.c ****   /* USER CODE BEGIN TIM5_IRQn 1 */
 351:Core/Src/stm32f4xx_it.c **** 
 352:Core/Src/stm32f4xx_it.c ****   /* USER CODE END TIM5_IRQn 1 */
ARM GAS  /tmp/cc7H3mbf.s 			page 16


 353:Core/Src/stm32f4xx_it.c **** }
 536              		.loc 1 353 1 is_stmt 0 view .LVU59
 537 0008 08BD     		pop	{r3, pc}
 538              	.L60:
 539 000a 00BF     		.align	2
 540              	.L59:
 541 000c 00000000 		.word	htim5
 542              		.cfi_endproc
 543              	.LFE257:
 545              		.section	.text.TIM6_DAC_IRQHandler,"ax",%progbits
 546              		.align	1
 547              		.global	TIM6_DAC_IRQHandler
 548              		.syntax unified
 549              		.thumb
 550              		.thumb_func
 552              	TIM6_DAC_IRQHandler:
 553              	.LFB258:
 354:Core/Src/stm32f4xx_it.c **** 
 355:Core/Src/stm32f4xx_it.c **** /**
 356:Core/Src/stm32f4xx_it.c ****   * @brief This function handles TIM6 global interrupt, DAC1 and DAC2 underrun error interrupts.
 357:Core/Src/stm32f4xx_it.c ****   */
 358:Core/Src/stm32f4xx_it.c **** void TIM6_DAC_IRQHandler(void)
 359:Core/Src/stm32f4xx_it.c **** {
 554              		.loc 1 359 1 is_stmt 1 view -0
 555              		.cfi_startproc
 556              		@ args = 0, pretend = 0, frame = 0
 557              		@ frame_needed = 0, uses_anonymous_args = 0
 558 0000 08B5     		push	{r3, lr}
 559              	.LCFI12:
 560              		.cfi_def_cfa_offset 8
 561              		.cfi_offset 3, -8
 562              		.cfi_offset 14, -4
 360:Core/Src/stm32f4xx_it.c ****   /* USER CODE BEGIN TIM6_DAC_IRQn 0 */
 361:Core/Src/stm32f4xx_it.c **** 
 362:Core/Src/stm32f4xx_it.c ****   /* USER CODE END TIM6_DAC_IRQn 0 */
 363:Core/Src/stm32f4xx_it.c ****   HAL_TIM_IRQHandler(&htim6);
 563              		.loc 1 363 3 view .LVU61
 564 0002 0248     		ldr	r0, .L63
 565 0004 FFF7FEFF 		bl	HAL_TIM_IRQHandler
 566              	.LVL12:
 364:Core/Src/stm32f4xx_it.c ****   /* USER CODE BEGIN TIM6_DAC_IRQn 1 */
 365:Core/Src/stm32f4xx_it.c **** 
 366:Core/Src/stm32f4xx_it.c ****   /* USER CODE END TIM6_DAC_IRQn 1 */
 367:Core/Src/stm32f4xx_it.c **** }
 567              		.loc 1 367 1 is_stmt 0 view .LVU62
 568 0008 08BD     		pop	{r3, pc}
 569              	.L64:
 570 000a 00BF     		.align	2
 571              	.L63:
 572 000c 00000000 		.word	htim6
 573              		.cfi_endproc
 574              	.LFE258:
 576              		.section	.text.DMA2_Stream0_IRQHandler,"ax",%progbits
 577              		.align	1
 578              		.global	DMA2_Stream0_IRQHandler
 579              		.syntax unified
 580              		.thumb
ARM GAS  /tmp/cc7H3mbf.s 			page 17


 581              		.thumb_func
 583              	DMA2_Stream0_IRQHandler:
 584              	.LFB259:
 368:Core/Src/stm32f4xx_it.c **** 
 369:Core/Src/stm32f4xx_it.c **** /**
 370:Core/Src/stm32f4xx_it.c ****   * @brief This function handles DMA2 stream0 global interrupt.
 371:Core/Src/stm32f4xx_it.c ****   */
 372:Core/Src/stm32f4xx_it.c **** void DMA2_Stream0_IRQHandler(void)
 373:Core/Src/stm32f4xx_it.c **** {
 585              		.loc 1 373 1 is_stmt 1 view -0
 586              		.cfi_startproc
 587              		@ args = 0, pretend = 0, frame = 0
 588              		@ frame_needed = 0, uses_anonymous_args = 0
 589 0000 08B5     		push	{r3, lr}
 590              	.LCFI13:
 591              		.cfi_def_cfa_offset 8
 592              		.cfi_offset 3, -8
 593              		.cfi_offset 14, -4
 374:Core/Src/stm32f4xx_it.c ****   /* USER CODE BEGIN DMA2_Stream0_IRQn 0 */
 375:Core/Src/stm32f4xx_it.c **** 
 376:Core/Src/stm32f4xx_it.c ****   /* USER CODE END DMA2_Stream0_IRQn 0 */
 377:Core/Src/stm32f4xx_it.c ****   HAL_DMA_IRQHandler(&hdma_adc1);
 594              		.loc 1 377 3 view .LVU64
 595 0002 0248     		ldr	r0, .L67
 596 0004 FFF7FEFF 		bl	HAL_DMA_IRQHandler
 597              	.LVL13:
 378:Core/Src/stm32f4xx_it.c ****   /* USER CODE BEGIN DMA2_Stream0_IRQn 1 */
 379:Core/Src/stm32f4xx_it.c **** 
 380:Core/Src/stm32f4xx_it.c ****   /* USER CODE END DMA2_Stream0_IRQn 1 */
 381:Core/Src/stm32f4xx_it.c **** }
 598              		.loc 1 381 1 is_stmt 0 view .LVU65
 599 0008 08BD     		pop	{r3, pc}
 600              	.L68:
 601 000a 00BF     		.align	2
 602              	.L67:
 603 000c 00000000 		.word	hdma_adc1
 604              		.cfi_endproc
 605              	.LFE259:
 607              		.text
 608              	.Letext0:
 609              		.file 2 "/usr/lib/gcc/arm-none-eabi/14.2.1/include/stdint.h"
 610              		.file 3 "Drivers/CMSIS/Device/ST/STM32F4xx/Include/stm32f407xx.h"
 611              		.file 4 "Drivers/STM32F4xx_HAL_Driver/Inc/stm32f4xx_hal_def.h"
 612              		.file 5 "Drivers/STM32F4xx_HAL_Driver/Inc/stm32f4xx_hal_dma.h"
 613              		.file 6 "Drivers/STM32F4xx_HAL_Driver/Inc/stm32f4xx_hal_i2c.h"
 614              		.file 7 "Drivers/STM32F4xx_HAL_Driver/Inc/stm32f4xx_hal_tim.h"
 615              		.file 8 "Drivers/STM32F4xx_HAL_Driver/Inc/stm32f4xx_hal_uart.h"
ARM GAS  /tmp/cc7H3mbf.s 			page 18


DEFINED SYMBOLS
                            *ABS*:00000000 stm32f4xx_it.c
     /tmp/cc7H3mbf.s:21     .text.NMI_Handler:00000000 $t
     /tmp/cc7H3mbf.s:27     .text.NMI_Handler:00000000 NMI_Handler
     /tmp/cc7H3mbf.s:44     .text.HardFault_Handler:00000000 $t
     /tmp/cc7H3mbf.s:50     .text.HardFault_Handler:00000000 HardFault_Handler
     /tmp/cc7H3mbf.s:67     .text.MemManage_Handler:00000000 $t
     /tmp/cc7H3mbf.s:73     .text.MemManage_Handler:00000000 MemManage_Handler
     /tmp/cc7H3mbf.s:90     .text.BusFault_Handler:00000000 $t
     /tmp/cc7H3mbf.s:96     .text.BusFault_Handler:00000000 BusFault_Handler
     /tmp/cc7H3mbf.s:113    .text.UsageFault_Handler:00000000 $t
     /tmp/cc7H3mbf.s:119    .text.UsageFault_Handler:00000000 UsageFault_Handler
     /tmp/cc7H3mbf.s:136    .text.DebugMon_Handler:00000000 $t
     /tmp/cc7H3mbf.s:142    .text.DebugMon_Handler:00000000 DebugMon_Handler
     /tmp/cc7H3mbf.s:155    .text.RCC_IRQHandler:00000000 $t
     /tmp/cc7H3mbf.s:161    .text.RCC_IRQHandler:00000000 RCC_IRQHandler
     /tmp/cc7H3mbf.s:174    .text.DMA1_Stream1_IRQHandler:00000000 $t
     /tmp/cc7H3mbf.s:180    .text.DMA1_Stream1_IRQHandler:00000000 DMA1_Stream1_IRQHandler
     /tmp/cc7H3mbf.s:200    .text.DMA1_Stream1_IRQHandler:0000000c $d
     /tmp/cc7H3mbf.s:205    .text.DMA1_Stream3_IRQHandler:00000000 $t
     /tmp/cc7H3mbf.s:211    .text.DMA1_Stream3_IRQHandler:00000000 DMA1_Stream3_IRQHandler
     /tmp/cc7H3mbf.s:231    .text.DMA1_Stream3_IRQHandler:0000000c $d
     /tmp/cc7H3mbf.s:236    .text.TIM2_IRQHandler:00000000 $t
     /tmp/cc7H3mbf.s:242    .text.TIM2_IRQHandler:00000000 TIM2_IRQHandler
     /tmp/cc7H3mbf.s:262    .text.TIM2_IRQHandler:0000000c $d
     /tmp/cc7H3mbf.s:267    .text.TIM3_IRQHandler:00000000 $t
     /tmp/cc7H3mbf.s:273    .text.TIM3_IRQHandler:00000000 TIM3_IRQHandler
     /tmp/cc7H3mbf.s:293    .text.TIM3_IRQHandler:0000000c $d
     /tmp/cc7H3mbf.s:298    .text.TIM4_IRQHandler:00000000 $t
     /tmp/cc7H3mbf.s:304    .text.TIM4_IRQHandler:00000000 TIM4_IRQHandler
     /tmp/cc7H3mbf.s:324    .text.TIM4_IRQHandler:0000000c $d
     /tmp/cc7H3mbf.s:329    .text.I2C1_EV_IRQHandler:00000000 $t
     /tmp/cc7H3mbf.s:335    .text.I2C1_EV_IRQHandler:00000000 I2C1_EV_IRQHandler
     /tmp/cc7H3mbf.s:355    .text.I2C1_EV_IRQHandler:0000000c $d
     /tmp/cc7H3mbf.s:360    .text.I2C1_ER_IRQHandler:00000000 $t
     /tmp/cc7H3mbf.s:366    .text.I2C1_ER_IRQHandler:00000000 I2C1_ER_IRQHandler
     /tmp/cc7H3mbf.s:386    .text.I2C1_ER_IRQHandler:0000000c $d
     /tmp/cc7H3mbf.s:391    .text.USART1_IRQHandler:00000000 $t
     /tmp/cc7H3mbf.s:397    .text.USART1_IRQHandler:00000000 USART1_IRQHandler
     /tmp/cc7H3mbf.s:417    .text.USART1_IRQHandler:0000000c $d
     /tmp/cc7H3mbf.s:422    .text.USART2_IRQHandler:00000000 $t
     /tmp/cc7H3mbf.s:428    .text.USART2_IRQHandler:00000000 USART2_IRQHandler
     /tmp/cc7H3mbf.s:448    .text.USART2_IRQHandler:0000000c $d
     /tmp/cc7H3mbf.s:453    .text.USART3_IRQHandler:00000000 $t
     /tmp/cc7H3mbf.s:459    .text.USART3_IRQHandler:00000000 USART3_IRQHandler
     /tmp/cc7H3mbf.s:479    .text.USART3_IRQHandler:0000000c $d
     /tmp/cc7H3mbf.s:484    .text.TIM8_UP_TIM13_IRQHandler:00000000 $t
     /tmp/cc7H3mbf.s:490    .text.TIM8_UP_TIM13_IRQHandler:00000000 TIM8_UP_TIM13_IRQHandler
     /tmp/cc7H3mbf.s:510    .text.TIM8_UP_TIM13_IRQHandler:0000000c $d
     /tmp/cc7H3mbf.s:515    .text.TIM5_IRQHandler:00000000 $t
     /tmp/cc7H3mbf.s:521    .text.TIM5_IRQHandler:00000000 TIM5_IRQHandler
     /tmp/cc7H3mbf.s:541    .text.TIM5_IRQHandler:0000000c $d
     /tmp/cc7H3mbf.s:546    .text.TIM6_DAC_IRQHandler:00000000 $t
     /tmp/cc7H3mbf.s:552    .text.TIM6_DAC_IRQHandler:00000000 TIM6_DAC_IRQHandler
     /tmp/cc7H3mbf.s:572    .text.TIM6_DAC_IRQHandler:0000000c $d
     /tmp/cc7H3mbf.s:577    .text.DMA2_Stream0_IRQHandler:00000000 $t
     /tmp/cc7H3mbf.s:583    .text.DMA2_Stream0_IRQHandler:00000000 DMA2_Stream0_IRQHandler
ARM GAS  /tmp/cc7H3mbf.s 			page 19


     /tmp/cc7H3mbf.s:603    .text.DMA2_Stream0_IRQHandler:0000000c $d

UNDEFINED SYMBOLS
HAL_DMA_IRQHandler
hdma_usart3_rx
hdma_usart3_tx
HAL_TIM_IRQHandler
htim2
htim3
htim4
HAL_I2C_EV_IRQHandler
hi2c1
HAL_I2C_ER_IRQHandler
HAL_UART_IRQHandler
huart1
huart2
huart3
htim8
htim5
htim6
hdma_adc1
